Set parameter MIPGap to value 0.01
Set parameter TimeLimit to value 3600
Gurobi Optimizer version 12.0.3 build v12.0.3rc0 (linux64 - "Fedora Linux 42 (Workstation Edition)")

CPU model: AMD Ryzen 9 5900X 12-Core Processor, instruction set [SSE2|AVX|AVX2]
Thread count: 12 physical cores, 24 logical processors, using up to 24 threads

Non-default parameters:
TimeLimit  3600
MIPGap  0.01

Optimize a model with 23 rows, 168 columns and 55 nonzeros
Model fingerprint: 0x1521fda5
Model has 90 quadratic constraints
Model has 22 simple general constraints
  22 PWL
Model has 12 general nonlinear constraints (198 nonlinear terms)
Variable types: 168 continuous, 0 integer (0 binary)
Coefficient statistics:
  Matrix range     [1e+00, 5e+00]
  QMatrix range    [2e-05, 5e+02]
  QLMatrix range   [2e-05, 3e+02]
  Objective range  [1e+00, 1e+00]
  Bounds range     [1e-01, 5e-01]
  RHS range        [4e-02, 3e+00]
  QRHS range       [2e-05, 6e+01]
  PWLCon x range   [0e+00, 5e+00]
  PWLCon y range   [5e-07, 1e+00]
Presolve model has 12 nlconstr
Added 286 variables to disaggregate expressions.
Presolve added 44 rows and 414 columns
Presolve time: 0.01s
Presolved: 1284 rows, 947 columns, 3908 nonzeros
Presolved model has 22 SOS constraint(s)
Presolved model has 288 bilinear constraint(s)

Solving non-convex MIQCP









Variable types: 947 continuous, 0 integer (0 binary)
Found heuristic solution: objective 0.5940289

Root relaxation: unbounded, 0 iterations, 0.00 seconds (0.00 work units)

    Nodes    |    Current Node    |     Objective Bounds      |     Work
 Expl Unexpl |  Obj  Depth IntInf | Incumbent    BestBd   Gap | It/Node Time

     0     2  postponed    0         0.59403          -      -     -    0s
H   29    35                       0.7185242          -      -  32.6    0s
H 3696  2105                       0.7185500          -      -  15.7    0s
H 3790  2000                       0.7309614          -      -  15.9    0s
H 4443  2042                       0.8275895          -      -  15.9    1s
H 4857  2100                       0.8275899          -      -  16.2    1s
H 6014  2139                       0.8275936          -      -  18.2    1s
H 6029  2104                       0.9044255          -      -  18.4    1s
H 7137  2330                       0.9135725          -      -  21.8    1s
H 7184  2330                       0.9135880          -      -  21.9    1s
H 7312  2355                       0.9135880          -      -  22.7    1s
H11216  2472                       0.9135990          -      -  40.7    3s
H13326  3032                       0.9135991          -      -  45.5    4s
 15091  3371   12.97674   38  130    0.91360          -      -  47.2    5s
H18451  4494                       0.9135993          -      -  46.5    6s
H26209  6779                       0.9135998          -      -  46.5    7s
H30237  8994                       0.9136018          -      -  47.5    9s
 34379 12385    1.30443  169   99    0.91360          -      -  45.0   10s
H47439 18188                       0.9236838          -      -  38.0   11s
H51826 19732                       0.9481560          -      -  36.4   12s
H52927 19123                       0.9565997 999758.609      -  37.1   13s
H52940 18182                       0.9937228 999758.609      -  37.1   13s
H53097 17396                       0.9937228 999758.609      -  37.2   13s
H54202 16726                       1.0014791 999758.609      -  37.7   13s
H54204 15912                       1.0067696 999758.609      -  37.7   13s
H54240 15137                       1.0067696 999758.609      -  37.8   13s
H54241 14411                       1.0067696 999758.609      -  37.8   13s
H54899 13902                       1.0067696 999755.657      -  38.2   13s
H54955 13228                       1.0067703 999755.657      -  38.3   13s
H54962 12604                       1.0067881 999755.657      -  38.3   13s
 57395 13205     cutoff  102         1.00679 999705.315      -  39.2   15s
H59330 13321                       1.0067902 999701.749      -  40.0   16s
H59436 12725                       1.0067908 999701.749      -  40.1   16s
H60816 12414                       1.0067928 999648.430      -  40.7   16s
H60880 11885                       1.0067933 999648.430      -  40.7   16s
H62404 11798                       1.0067977 999523.158      -  40.7   16s
*62466 11136             187       1.0351745 999523.158      -  40.7   16s
*62474 10697             186       1.0353209 999523.158      -  40.7   16s
H63380 10733                       1.0353302 999511.639      -  40.8   17s
H63599 10268                       1.0353317 999511.639      -  40.8   17s
H65401 10229                       1.0353336 999460.480      -  40.8   17s
 77078 15311    4.77646   48  204    1.03533   16.00268  1446%  42.4   20s
 94129 25634    1.94957   75  188    1.03533    8.12526   685%  49.5   25s
H103595 30764                       1.0353655    7.58953   633%  52.8   28s
 108486 34418    1.54553   90  219    1.03537    7.29426   605%  54.2   30s
H112391 36320                       1.0353715    7.22906   598%  55.3   31s
H115360 37564                       1.0353720    7.17807   593%  56.0   32s
 122882 42756    5.46161   56  254    1.03537    6.95404   572%  57.9   35s
 138635 51734 infeasible   79         1.03537    6.71321   548%  60.9   40s
H139496 51734                       1.0353779    6.69701   547%  61.0   40s
H141339 53097                       1.0364791    6.67862   544%  61.3   41s
H144322 54837                       1.0365005    6.66419   543%  61.8   42s
 153084 59260    4.91778   58  271    1.03650    6.56693   534%  62.9   45s
 167360 67336 infeasible   55         1.03650    6.41131   519%  64.5   50s
 184775 76200     cutoff   91         1.03650    6.30541   508%  65.9   55s
 192649 80429    5.74108   53  239    1.03650    6.24058   502%  66.3   60s
 208255 89496    5.72042   59  247    1.03650    6.17606   496%  66.9   65s
 223039 96891    1.28759  110  208    1.03650    6.11788   490%  67.3   70s
 240436 106072    1.48042   74  204    1.03650    6.04224   483%  67.8   75s
 256952 115202    5.42633   55  215    1.03650    6.00943   480%  68.2   80s
 273473 124225    1.66533   63  200    1.03650    5.95738   475%  68.6   85s
 288547 132410    1.88399   77  192    1.03650    5.93037   472%  68.8   90s
 305726 141974 infeasible   86         1.03650    5.89737   469%  69.1   95s
H306764 141974                       1.0365037    5.89737   469%  69.1   95s
H311579 144198                       1.0365065    5.88524   468%  69.1   97s
H316483 146793                       1.0365097    5.87686   467%  69.1   98s
H319150 147926                       1.0365144    5.87189   467%  69.2   99s
 321681 150405    1.10884   94  145    1.03651    5.86741   466%  69.3  100s
 336016 158554    2.09525   66  193    1.03651    5.84808   464%  69.4  105s
H343006 161171                       1.0365365    5.84198   464%  69.5  107s
 350969 166894    4.66832   61  251    1.03654    5.83029   462%  69.7  110s
H360744 170694                       1.0365665    5.81500   461%  69.7  112s
 369260 176324    1.67531   71  202    1.03657    5.80937   460%  69.7  115s
 380002 182116    5.59041   65  222    1.03657    5.79652   459%  69.8  120s
 394479 189942     cutoff  107         1.03657    5.78372   458%  70.0  125s
 411299 198604 infeasible   96         1.03657    5.76883   457%  70.0  130s
 428794 207802    1.12356  105  201    1.03657    5.75447   455%  70.0  135s
 440595 213367    5.20787   58  247    1.03657    5.74623   454%  70.1  140s
 452495 221641    1.71889   70  177    1.03657    5.73949   454%  70.1  145s
H466774 228975                       1.0365722    5.73002   453%  70.1  149s
 469434 229992    5.24697   65  216    1.03657    5.72859   453%  70.1  150s
H470363 229992                       1.0365970    5.72859   453%  70.1  150s
H471685 231182                       1.0366549    5.72739   452%  70.2  151s
 483673 238041    1.63687   72  230    1.03665    5.71865   452%  70.2  155s
 498599 246078 infeasible   63         1.03665    5.71166   451%  70.3  160s
 515495 255720 infeasible   94         1.03665    5.69971   450%  70.4  165s
 529717 263181     cutoff   70         1.03665    5.69139   449%  70.4  170s
 545675 271694    3.58389   70  223    1.03665    5.68286   448%  70.5  175s
 561081 279590    4.46333   72  189    1.03665    5.67831   448%  70.6  180s
 575829 287592    1.08631   97  170    1.03665    5.66878   447%  70.6  185s
 592393 296360    4.09092   82  205    1.03665    5.65967   446%  70.7  190s
 607983 304212     cutoff   82         1.03665    5.65184   445%  70.7  195s
 624760 313343 infeasible   84         1.03665    5.64365   444%  70.7  200s
 639928 321050    1.85117   71  228    1.03665    5.63825   444%  70.8  205s
 655143 329403    4.26266   74  184    1.03665    5.63136   443%  70.8  210s
 670668 338217    1.42573   85  194    1.03665    5.62539   443%  70.9  215s
 686324 346010 infeasible   69         1.03665    5.61942   442%  70.9  220s
 701078 353919    2.72599   78  228    1.03665    5.61335   441%  71.0  225s
 716945 361825    1.40114   94  180    1.03665    5.60772   441%  71.0  230s
 724800 365765    1.55645   77  194    1.03665    5.60617   441%  71.0  235s
 739322 373506    4.35754   79  194    1.03665    5.60137   440%  71.0  240s
 756570 382839    1.53014   90  184    1.03665    5.59542   440%  71.1  245s
 769142 389477    1.85010   69  198    1.03665    5.59199   439%  71.1  250s
 786205 398442    4.89221   72  234    1.03665    5.58736   439%  71.2  255s
 799432 405762 infeasible   72         1.03665    5.58434   439%  71.3  260s
 815449 414703    1.31906   80  221    1.03665    5.57990   438%  71.3  265s
 829865 422232    4.68303   65  246    1.03665    5.57597   438%  71.4  270s
 846035 430823    1.76276   86  222    1.03665    5.57228   438%  71.4  275s
 863392 440657    1.65250   75  198    1.03665    5.56767   437%  71.4  280s
 876088 446770    4.40912   75  225    1.03665    5.56468   437%  71.5  285s
 893194 455884    4.56390   74  217    1.03665    5.56052   436%  71.5  290s
 909616 464986    5.14279   66  220    1.03665    5.55630   436%  71.6  295s
H912104 464986                       1.0366988    5.55622   436%  71.5  295s
H919292 468552                       1.0367080    5.55439   436%  71.5  297s
H919838 469959                       1.0367134    5.55439   436%  71.5  298s
H922337 470974                       1.0367944    5.55382   436%  71.6  299s
 923911 471980    1.54022   79  194    1.03679    5.55350   436%  71.6  300s
H924565 471980                       1.0367954    5.55339   436%  71.6  300s
H925087 471980                       1.0367963    5.55332   436%  71.6  300s
 938727 479802    1.48363   83  173    1.03680    5.54981   435%  71.5  305s
H939400 479800                       1.0368001    5.54981   435%  71.6  305s
 954427 488995    5.05370   71  222    1.03680    5.54635   435%  71.6  310s
H966198 494402                       1.0368010    5.54487   435%  71.6  313s
 969309 497698    1.80623   72  206    1.03680    5.54354   435%  71.6  315s
 982220 503873    2.24131   80  185    1.03680    5.54065   434%  71.7  320s
H988146 506601                       1.0368105    5.53985   434%  71.6  321s
H990014 506689                       1.0368180    5.53920   434%  71.6  323s
 992343 509116    4.27323   74  200    1.03682    5.53866   434%  71.6  325s
 1007993 517372    1.53773   87  202    1.03682    5.53588   434%  71.6  330s
 1025582 527142     cutoff   94         1.03682    5.53282   434%  71.7  335s
 1040527 534748    5.47285   68  243    1.03682    5.52973   433%  71.8  340s
 1055513 542756     cutoff  101         1.03682    5.52745   433%  71.8  345s
 1071943 551915 infeasible   72         1.03682    5.52482   433%  71.9  350s
 1087021 560135    1.59295   87  188    1.03682    5.52130   433%  72.0  355s
 1103276 569671    4.69849   69  227    1.03682    5.51854   432%  72.0  360s
H1105930 569667                       1.0368331    5.51835   432%  72.0  360s
H1113968 574360                       1.0371540    5.51677   432%  72.1  363s
H1115673 575055                       1.0371657    5.51672   432%  72.1  364s
H1116632 575038                       1.0372844    5.51609   432%  72.1  364s
 1116731 576329    3.14909   59  211    1.03728    5.51609   432%  72.1  365s
H1116979 576324                       1.0373157    5.51609   432%  72.1  365s
 1131297 584846    1.29518   98  176    1.03732    5.51346   432%  72.1  370s
 1148434 593727     cutoff  105         1.03732    5.51113   431%  72.2  375s
H1155320 596204                       1.0373213    5.50999   431%  72.2  377s
H1159269 598341                       1.0373282    5.50892   431%  72.2  378s
 1161656 600990    1.71261   73  202    1.03733    5.50821   431%  72.2  380s
H1162833 600972                       1.0375833    5.50821   431%  72.2  380s
H1163964 602372                       1.0379453    5.50797   431%  72.2  381s
H1167419 603399                       1.0379794    5.50742   431%  72.2  381s
H1168693 604586                       1.0382467    5.50733   430%  72.2  382s
H1171823 606266                       1.0382779    5.50697   430%  72.2  383s
 1175959 609047     cutoff   99         1.03828    5.50628   430%  72.2  385s
 1192565 617935    1.77420   98  195    1.03828    5.50385   430%  72.3  390s
 1207409 626115 infeasible   72         1.03828    5.50200   430%  72.4  395s
 1221299 634169     cutoff  114         1.03828    5.49967   430%  72.4  400s
 1236303 642646    1.64937   86  222    1.03828    5.49764   429%  72.5  405s
 1249286 648571    1.34835   96  230    1.03828    5.49587   429%  72.5  410s
 1261430 656110    1.10467   88  260    1.03828    5.49431   429%  72.6  415s
 1276771 664015 infeasible   76         1.03828    5.49212   429%  72.6  420s
 1291427 672276 infeasible   84         1.03828    5.48999   429%  72.6  425s
 1303786 679479    1.77430   89  257    1.03828    5.48886   429%  72.7  430s
 1319530 688351    2.40383   69  200    1.03828    5.48693   428%  72.7  435s
 1334317 696610    5.08097   67  197    1.03828    5.48498   428%  72.8  440s
H1340101 699397                       1.0383820    5.48445   428%  72.8  441s
H1341994 701028                       1.0384213    5.48386   428%  72.8  442s
H1344703 701028                       1.0384245    5.48372   428%  72.7  442s
H1345294 702097                       1.0384634    5.48357   428%  72.7  443s
 1351514 705828    3.86669   79  222    1.03846    5.48251   428%  72.8  445s
H1364915 712626                       1.0384725    5.48069   428%  72.8  449s
 1365524 714318 infeasible   80         1.03847    5.48069   428%  72.8  450s
 1380531 722067    4.73874   68  218    1.03847    5.47852   428%  72.8  455s
 1394727 729739    1.59667   77  188    1.03847    5.47711   427%  72.9  460s
 1407935 737694    5.05070   66  259    1.03847    5.47517   427%  72.9  465s
 1424333 746390    3.28874   61  211    1.03847    5.47312   427%  72.9  470s
 1439291 753700    4.87500   65  215    1.03847    5.47130   427%  72.9  475s
 1453431 762224    4.09735   71  212    1.03847    5.46997   427%  73.0  480s
 1469045 770823    3.98808   72  206    1.03847    5.46818   427%  73.0  485s
 1483930 778472    1.24404   99  204    1.03847    5.46656   426%  73.0  490s
 1498790 786697     cutoff   84         1.03847    5.46449   426%  73.0  495s
 1514323 794748     cutoff   93         1.03847    5.46249   426%  73.0  500s
 1527831 802960    1.09197   86  157    1.03847    5.46115   426%  73.0  505s
 1540695 808393 infeasible   68         1.03847    5.45990   426%  73.1  510s
 1552121 814997    1.11415   92  153    1.03847    5.45836   426%  73.1  515s
 1567695 823899    1.31730  107  170    1.03847    5.45718   426%  73.1  520s
 1582752 832219     cutoff  106         1.03847    5.45506   425%  73.1  525s
 1594533 838209    1.62689   84  201    1.03847    5.45390   425%  73.1  530s
 1610304 846672    1.39282   82  164    1.03847    5.45223   425%  73.2  535s
 1624203 853466 infeasible   78         1.03847    5.45064   425%  73.2  540s
 1641738 862814    1.49757   78  153    1.03847    5.44858   425%  73.2  545s
 1655928 870234     cutoff   86         1.03847    5.44722   425%  73.2  550s
 1670785 877778    2.17885   79  231    1.03847    5.44572   424%  73.2  555s
 1685256 886275    4.67986   65  229    1.03847    5.44449   424%  73.3  560s
 1700667 893883    4.49466   69  212    1.03847    5.44293   424%  73.3  565s
 1714543 901561    1.43598   93  187    1.03847    5.44158   424%  73.3  570s
 1728556 910008    3.55783   51  181    1.03847    5.44038   424%  73.3  575s
 1744853 918085    1.81677   87  258    1.03847    5.43862   424%  73.3  580s
H1748489 919226                       1.0384748    5.43838   424%  73.3  581s
 1759015 925922    1.52831   96  190    1.03847    5.43730   424%  73.4  585s
 1773157 933770    1.06923  101  194    1.03847    5.43594   423%  73.4  590s
 1787958 941147    1.09887  106  209    1.03847    5.43423   423%  73.4  595s
H1790696 941147                       1.0384758    5.43411   423%  73.4  595s
 1802053 948915    1.09095   67  202    1.03848    5.43321   423%  73.4  600s
 1817468 956276    3.97236   69  228    1.03848    5.43167   423%  73.4  605s
 1831701 964029     cutoff   99         1.03848    5.43044   423%  73.4  610s
 1837692 967662     cutoff  106         1.03848    5.42985   423%  73.4  615s
 1851862 975769    1.03851  104  191    1.03848    5.42890   423%  73.4  620s
 1863916 982485    4.38200   76  212    1.03848    5.42782   423%  73.5  625s
 1878203 990471    1.73374   92  212    1.03848    5.42617   423%  73.5  630s
 1889925 997058    4.02580   68  180    1.03848    5.42528   422%  73.5  635s
 1904989 1005673 infeasible   77         1.03848    5.42410   422%  73.5  640s
 1919454 1013098    3.88426   77  187    1.03848    5.42311   422%  73.5  645s
 1935814 1021848 infeasible   78         1.03848    5.42164   422%  73.5  650s
 1949994 1029830    1.74526   81  212    1.03848    5.42016   422%  73.5  655s
 1963930 1037506    5.29393   67  238    1.03848    5.41886   422%  73.6  660s
H1972889 1040643                       1.0384770    5.41818   422%  73.6  662s
 1977393 1044603    4.13485   77  204    1.03848    5.41788   422%  73.6  665s
 1992759 1052088    1.97252   81  170    1.03848    5.41648   422%  73.6  670s
 2005194 1059532    1.76899   98  224    1.03848    5.41532   421%  73.6  675s
 2019802 1066658    1.84878   82  207    1.03848    5.41416   421%  73.6  680s
 2031206 1073615    2.52135   91  222    1.03848    5.41291   421%  73.6  685s
 2042698 1079991    1.11290  102  223    1.03848    5.41213   421%  73.6  690s
 2056334 1087422    4.96737   57  233    1.03848    5.41103   421%  73.6  695s
 2071817 1095646    4.63196   71  231    1.03848    5.40973   421%  73.6  700s
H2073825 1095622                       1.0386891    5.40962   421%  73.6  700s
H2075208 1096924                       1.0386943    5.40939   421%  73.7  701s
H2075793 1096924                       1.0387032    5.40939   421%  73.6  701s
H2077177 1098603                       1.0387037    5.40932   421%  73.6  702s
H2078519 1098603                       1.0387068    5.40929   421%  73.6  702s
 2085023 1102503 infeasible  102         1.03871    5.40889   421%  73.7  705s
H2085376 1102501                       1.0387177    5.40889   421%  73.7  705s
 2100635 1110782    1.05560  111  219    1.03872    5.40771   421%  73.7  710s
H2105926 1113450                       1.0387486    5.40739   421%  73.7  712s
 2115344 1118564    2.17698   64  189    1.03875    5.40643   420%  73.7  715s
 2128506 1124705    4.77440   70  227    1.03875    5.40565   420%  73.7  720s
 2143273 1132995    1.63966   87  232    1.03875    5.40437   420%  73.7  725s
 2160382 1141842 infeasible   66         1.03875    5.40294   420%  73.7  730s
 2167093 1145214    1.11842  105  189    1.03875    5.40253   420%  73.7  735s
 2180367 1151786    4.48259   70  197    1.03875    5.40126   420%  73.7  740s
 2193963 1159239    1.37536   94  195    1.03875    5.40026   420%  73.7  745s
 2206289 1166115     cutoff   97         1.03875    5.39921   420%  73.7  750s
H2208097 1166115                       1.0387517    5.39918   420%  73.7  750s
 2221624 1174314 infeasible   92         1.03875    5.39805   420%  73.8  755s
 2234006 1181416    4.75654   58  219    1.03875    5.39714   420%  73.8  760s
 2249180 1188802    1.09930   97  163    1.03875    5.39569   419%  73.8  765s
 2263245 1196908 infeasible   77         1.03875    5.39466   419%  73.8  770s
 2276035 1203523    4.10624   85  226    1.03875    5.39367   419%  73.8  775s
 2292068 1212350    2.39991   69  202    1.03875    5.39228   419%  73.8  780s
 2306825 1219915 infeasible  106         1.03875    5.39123   419%  73.8  785s
 2320043 1227291     cutoff  101         1.03875    5.39016   419%  73.9  790s
 2334876 1235421    1.82776   77  183    1.03875    5.38920   419%  73.9  795s
 2349066 1243321    5.01971   65  258    1.03875    5.38834   419%  73.9  800s
 2363897 1251390    1.25123   99  222    1.03875    5.38734   419%  73.9  805s
 2378529 1259535 infeasible   72         1.03875    5.38627   419%  74.0  810s
 2390063 1266371    4.83201   58  193    1.03875    5.38565   418%  74.0  815s
 2407278 1274772    1.55933   81  247    1.03875    5.38424   418%  74.0  820s
 2419438 1281960    3.28610   84  181    1.03875    5.38332   418%  74.0  825s
 2434340 1289621    1.14301   89  154    1.03875    5.38232   418%  74.0  830s
 2449034 1296751    2.39834   80  186    1.03875    5.38144   418%  74.0  835s
 2463109 1304718    1.14514   70  175    1.03875    5.38055   418%  74.1  840s
 2465357 1317064    3.25414   82  214    1.03875    5.38030   418%  74.1  851s
 2500096 1323543    1.60324   81  208    1.03875    5.37795   418%  74.1  855s
 2514746 1330915    4.85962   58  213    1.03875    5.37703   418%  74.1  860s
H2528074 1336218                       1.0387531    5.37638   418%  74.1  864s
 2528866 1337694    4.49209   70  213    1.03875    5.37620   418%  74.1  865s
 2542975 1345495    1.22181   83  183    1.03875    5.37537   417%  74.2  870s
 2559827 1354227    1.52625   93  199    1.03875    5.37445   417%  74.2  875s
 2572073 1360492 infeasible   86         1.03875    5.37367   417%  74.2  880s
 2587422 1368597    1.20176   98  170    1.03875    5.37283   417%  74.2  885s
 2602114 1376163 infeasible   87         1.03875    5.37177   417%  74.2  890s
 2615195 1383918    4.78658   73  235    1.03875    5.37104   417%  74.2  895s
 2629240 1391404    5.01832   55  220    1.03875    5.37009   417%  74.2  900s
 2646153 1399979    4.48459   67  180    1.03875    5.36893   417%  74.2  905s
 2659810 1406737    1.18345  103  209    1.03875    5.36806   417%  74.2  910s
 2674176 1414702    1.52131   48  103    1.03875    5.36716   417%  74.2  915s
 2689592 1422796    1.88250   75  183    1.03875    5.36622   417%  74.2  920s
 2704510 1430622    1.70405   94  211    1.03875    5.36538   417%  74.2  925s
 2716904 1437751    1.48142   88  197    1.03875    5.36452   416%  74.2  930s
 2731466 1444622    1.58764   84  183    1.03875    5.36361   416%  74.2  935s
 2747986 1452827    2.03608   80  233    1.03875    5.36270   416%  74.2  940s
 2762706 1460116    4.11992   70  192    1.03875    5.36179   416%  74.2  945s
 2777849 1469273    4.73884   67  210    1.03875    5.36111   416%  74.2  950s
 2792023 1476685    1.04849  103  145    1.03875    5.36031   416%  74.2  955s
H2804251 1483351                       1.0387646    5.35970   416%  74.2  960s
 2812136 1487789    3.27978   77  173    1.03876    5.35925   416%  74.2  965s
 2826418 1495433    4.89026   69  255    1.03876    5.35845   416%  74.2  970s
 2838106 1502584    1.24764   95  166    1.03876    5.35783   416%  74.2  975s
 2853853 1510399    1.60527   86  208    1.03876    5.35713   416%  74.2  980s
H2855266 1510399                       1.0387659    5.35711   416%  74.2  980s
 2869332 1517477    5.23996   62  202    1.03877    5.35623   416%  74.2  985s
 2880651 1523900    1.54370   88  194    1.03877    5.35565   416%  74.3  990s
 2894544 1531555    1.32061   87  178    1.03877    5.35513   416%  74.3  995s
H2895664 1531552                       1.0387755    5.35513   416%  74.3  995s
 2909181 1538938    1.35794   94  203    1.03878    5.35436   415%  74.3 1000s
 2921243 1544557    5.05423   72  253    1.03878    5.35393   415%  74.3 1005s
 2936968 1554268    1.58158   80  220    1.03878    5.35321   415%  74.4 1010s
 2951093 1561385    1.32988   83  189    1.03878    5.35246   415%  74.4 1015s
 2965437 1568792    1.65104   97  226    1.03878    5.35174   415%  74.4 1020s
 2980371 1576151 infeasible  108         1.03878    5.35103   415%  74.4 1025s
 2994603 1583846    1.11573  101  224    1.03878    5.35030   415%  74.4 1030s
 3007029 1590950    4.96849   69  227    1.03878    5.34977   415%  74.4 1035s
 3022403 1598333    1.13898  110  200    1.03878    5.34905   415%  74.4 1040s
 3037339 1606192    5.09818   67  252    1.03878    5.34831   415%  74.4 1045s
 3051789 1613820    2.00804   82  163    1.03878    5.34753   415%  74.4 1050s
 3064671 1620051    1.06739   98  169    1.03878    5.34692   415%  74.4 1055s
 3079309 1627816 infeasible   99         1.03878    5.34607   415%  74.4 1060s
 3093808 1635711    1.58178   93  213    1.03878    5.34525   415%  74.5 1065s
 3106393 1642549    1.94739   71  226    1.03878    5.34477   415%  74.5 1070s
 3121177 1651157    4.58848   74  237    1.03878    5.34406   414%  74.5 1075s
 3133807 1658268    5.16802   62  243    1.03878    5.34337   414%  74.5 1080s
 3146390 1664832    1.13943  105  146    1.03878    5.34281   414%  74.5 1085s
 3160266 1672147     cutoff  102         1.03878    5.34219   414%  74.5 1090s
 3166168 1674940     cutoff   83         1.03878    5.34179   414%  74.5 1095s
 3181370 1683067    5.26988   60  214    1.03878    5.34089   414%  74.5 1100s
 3194669 1689098 infeasible  103         1.03878    5.34036   414%  74.5 1105s
 3209432 1697384    1.63637   92  227    1.03878    5.33958   414%  74.5 1110s
 3223427 1704533     cutoff  106         1.03878    5.33880   414%  74.6 1115s
 3238326 1712858    1.57056   88  202    1.03878    5.33793   414%  74.6 1120s
 3252623 1720386 infeasible  115         1.03878    5.33739   414%  74.6 1125s
 3265603 1727330    1.06113   97  207    1.03878    5.33682   414%  74.6 1130s
 3280018 1735744    4.34948   80  212    1.03878    5.33630   414%  74.6 1135s
 3294668 1743058    1.47581  101  199    1.03878    5.33569   414%  74.6 1140s
 3311408 1752086    1.64663   81  233    1.03878    5.33506   414%  74.6 1145s
 3323706 1758829     cutoff   94         1.03878    5.33452   414%  74.6 1150s
 3337792 1766442    1.16646   75  175    1.03878    5.33398   413%  74.7 1155s
 3353507 1774891    4.67084   67  213    1.03878    5.33330   413%  74.7 1160s
 3367349 1782773 infeasible  106         1.03878    5.33282   413%  74.7 1165s
 3382983 1790571 infeasible   85         1.03878    5.33207   413%  74.7 1170s
 3397950 1798019    3.56963   71  180    1.03878    5.33140   413%  74.7 1175s
 3412434 1805643    1.14486  114  186    1.03878    5.33080   413%  74.7 1180s
 3427553 1813555    1.18559   77  228    1.03878    5.33018   413%  74.7 1185s
 3441648 1821256    1.92872   70  149    1.03878    5.32963   413%  74.7 1190s
 3456850 1829687    1.43135   67  182    1.03878    5.32893   413%  74.7 1195s
 3471200 1836885    1.17319   97  188    1.03878    5.32826   413%  74.7 1200s
 3476233 1839203    1.72548   94  211    1.03878    5.32818   413%  74.7 1205s
 3490847 1847993    4.57869   66  252    1.03878    5.32762   413%  74.7 1210s
 3504851 1854648    5.11352   67  190    1.03878    5.32700   413%  74.7 1215s
 3519576 1863028    1.32532  100  187    1.03878    5.32640   413%  74.7 1220s
 3533082 1869723 infeasible   94         1.03878    5.32590   413%  74.8 1225s
 3546087 1876120     cutoff   97         1.03878    5.32537   413%  74.8 1230s
 3560965 1884618    1.05721   89  152    1.03878    5.32485   413%  74.8 1235s
 3576441 1892538    5.07369   70  225    1.03878    5.32425   413%  74.8 1240s
 3591643 1900832     cutoff  107         1.03878    5.32357   412%  74.8 1245s
 3605105 1908606    3.25687   59  117    1.03878    5.32309   412%  74.8 1250s
 3619901 1916940    1.53669   86  213    1.03878    5.32260   412%  74.8 1255s
 3632162 1922690    1.46967   88  195    1.03878    5.32218   412%  74.8 1260s
 3644024 1928841    1.26968   87  176    1.03878    5.32158   412%  74.8 1265s
 3657383 1936383    4.56301   80  217    1.03878    5.32111   412%  74.8 1270s
 3672352 1944430    1.73090   80  197    1.03878    5.32056   412%  74.8 1275s
 3687774 1952292    3.87594   72  200    1.03878    5.31991   412%  74.8 1280s
H3692507 1953976                       1.0387784    5.31979   412%  74.8 1281s
 3699987 1958985 infeasible   63         1.03878    5.31933   412%  74.8 1285s
 3714767 1966598    1.36155   97  209    1.03878    5.31875   412%  74.8 1290s
 3729515 1973766    1.71095   68  252    1.03878    5.31806   412%  74.8 1295s
 3744274 1981400    4.10204   80  238    1.03878    5.31734   412%  74.8 1300s
 3755456 1988391    1.06168   64  228    1.03878    5.31694   412%  74.8 1305s
 3770240 1996655     cutoff   84         1.03878    5.31631   412%  74.8 1310s
 3784797 2004580    1.43834   86  185    1.03878    5.31590   412%  74.8 1315s
 3797121 2011644    4.57230   75  214    1.03878    5.31536   412%  74.8 1320s
 3811964 2019726    1.09594  105  167    1.03878    5.31482   412%  74.9 1325s
 3826443 2027717    5.30078   65  182    1.03878    5.31435   412%  74.9 1330s
 3833225 2031013    1.22192   98  194    1.03878    5.31422   412%  74.9 1335s
 3843204 2037052    4.74782   67  240    1.03878    5.31385   412%  74.9 1340s
 3860218 2046367 infeasible   93         1.03878    5.31319   411%  74.9 1345s
 3872286 2051685    4.11997   81  198    1.03878    5.31278   411%  74.9 1350s
 3886159 2059679    1.37521   83  241    1.03878    5.31228   411%  74.9 1355s
 3903344 2068575    1.59306   79  220    1.03878    5.31169   411%  74.9 1360s
 3915775 2075573     cutoff  106         1.03878    5.31115   411%  74.9 1365s
 3929724 2083729    4.10105   72  190    1.03878    5.31078   411%  74.9 1370s
 3941826 2090198    1.49454   86  218    1.03878    5.31031   411%  74.9 1375s
 3956665 2098507    1.73004   87  199    1.03878    5.30983   411%  74.9 1380s
 3971639 2106072    1.67851   90  219    1.03878    5.30920   411%  74.9 1385s
 3987436 2113758    4.23944   83  244    1.03878    5.30862   411%  74.9 1390s
 3999373 2120164    1.04288  104  160    1.03878    5.30825   411%  74.9 1395s
 4014773 2128367    1.34669   96  207    1.03878    5.30763   411%  74.9 1400s
 4029253 2135995     cutoff  104         1.03878    5.30710   411%  74.9 1405s
 4042354 2142281    5.05614   61  226    1.03878    5.30667   411%  75.0 1410s
 4056929 2149384    4.50212   57  202    1.03878    5.30613   411%  75.0 1415s
 4071571 2157577 infeasible  109         1.03878    5.30542   411%  74.9 1420s
 4086565 2164978     cutoff  101         1.03878    5.30485   411%  74.9 1425s
 4101555 2173093    3.90226   75  205    1.03878    5.30426   411%  74.9 1430s
 4114153 2179254    1.29964  105  209    1.03878    5.30375   411%  75.0 1435s
 4129543 2186981     cutoff  102         1.03878    5.30320   411%  75.0 1440s
 4143023 2194779     cutoff  110         1.03878    5.30282   410%  75.0 1445s
 4155787 2201571    1.96224   74  222    1.03878    5.30237   410%  75.0 1450s
 4165800 2205067     cutoff   98         1.03878    5.30200   410%  75.0 1455s
 4174457 2211221     cutoff  111         1.03878    5.30174   410%  75.0 1460s
 4189978 2219771 infeasible   84         1.03878    5.30122   410%  75.0 1465s
 4203768 2227909    1.13119   98  165    1.03878    5.30075   410%  75.0 1470s
 4217851 2235480 infeasible   76         1.03878    5.30025   410%  75.0 1475s
 4232227 2242729    1.28433  102  239    1.03878    5.29975   410%  75.0 1480s
 4247992 2250366    5.06586   73  248    1.03878    5.29926   410%  75.0 1485s
 4260558 2257162    4.79904   68  225    1.03878    5.29889   410%  75.0 1490s
 4275144 2265242    5.00713   63  245    1.03878    5.29838   410%  75.0 1495s
 4289913 2272810 infeasible   86         1.03878    5.29783   410%  75.0 1500s
 4305442 2280844    3.82722   81  215    1.03878    5.29729   410%  75.0 1505s
 4317817 2287279    1.18817   98  142    1.03878    5.29686   410%  75.0 1510s
 4333125 2295719    3.04571   63  207    1.03878    5.29636   410%  75.0 1515s
 4347229 2302989 infeasible   81         1.03878    5.29586   410%  75.0 1520s
 4362313 2310411 infeasible   73         1.03878    5.29541   410%  75.0 1525s
 4377004 2317722    1.12894   90  143    1.03878    5.29495   410%  75.0 1530s
 4389617 2324828    1.70133   87  154    1.03878    5.29450   410%  75.0 1535s
 4404466 2332499     cutoff   99         1.03878    5.29402   410%  75.0 1540s
 4419428 2340441     cutoff   76         1.03878    5.29356   410%  75.0 1545s
 4431309 2347042    1.08556   87  202    1.03878    5.29307   410%  75.1 1550s
 4445601 2355519    1.42787   84  163    1.03878    5.29265   410%  75.1 1555s
 4458353 2361990 infeasible   63         1.03878    5.29222   409%  75.1 1560s
 4474893 2369996     cutoff  105         1.03878    5.29166   409%  75.1 1565s
 4488535 2377601    4.62431   70  186    1.03878    5.29123   409%  75.1 1570s
H4495911 2380879                       1.0387784    5.29091   409%  75.1 1572s
 4503441 2384558    5.21662   64  219    1.03878    5.29063   409%  75.1 1575s
 4519428 2393161    1.61454   89  220    1.03878    5.29002   409%  75.1 1580s
 4530926 2398311 infeasible  114         1.03878    5.28977   409%  75.1 1585s
 4540103 2404396    4.63950   71  200    1.03878    5.28943   409%  75.1 1590s
 4554392 2412324    1.25905   96  188    1.03878    5.28900   409%  75.1 1595s
 4570146 2420850    1.11033   98  184    1.03878    5.28856   409%  75.1 1600s
 4586911 2429601    1.10472  102  214    1.03878    5.28807   409%  75.1 1605s
 4601206 2436623     cutoff   80         1.03878    5.28752   409%  75.1 1610s
H4607479 2439264                       1.0387784    5.28728   409%  75.1 1611s
 4618012 2445273    4.97027   64  195    1.03878    5.28690   409%  75.1 1615s
 4632225 2452855    2.11794   86  197    1.03878    5.28644   409%  75.1 1620s
 4646467 2461223    1.71605   85  177    1.03878    5.28616   409%  75.1 1625s
 4662240 2469286     cutoff   99         1.03878    5.28568   409%  75.1 1630s
 4676434 2477390    1.73794   86  223    1.03878    5.28516   409%  75.1 1635s
H4682938 2479797                       1.0387798    5.28509   409%  75.1 1636s
 4692181 2485970    1.66050   81  169    1.03878    5.28477   409%  75.2 1640s
 4705142 2492834    1.51747   83  179    1.03878    5.28440   409%  75.2 1645s
 4721173 2500735    4.89256   67  221    1.03878    5.28391   409%  75.2 1650s
 4735806 2508359    1.87916   79  215    1.03878    5.28339   409%  75.2 1655s
 4748122 2515211    4.74247   78  224    1.03878    5.28294   409%  75.2 1660s
 4763447 2523197    1.39321   92  176    1.03878    5.28245   409%  75.2 1665s
 4774150 2529440    1.66461   86  210    1.03878    5.28230   409%  75.2 1670s
 4789498 2536772    1.35216   84  166    1.03878    5.28180   408%  75.2 1675s
 4801189 2543693    4.75636   75  228    1.03878    5.28154   408%  75.2 1680s
 4813759 2550240    1.79045   83  186    1.03878    5.28115   408%  75.2 1685s
 4826583 2556795    1.08436  106  184    1.03878    5.28090   408%  75.2 1690s
 4838327 2563345    4.22312   70  180    1.03878    5.28056   408%  75.2 1695s
 4853754 2571740    4.94736   74  231    1.03878    5.28009   408%  75.2 1700s
 4868842 2579634     cutoff  104         1.03878    5.27968   408%  75.2 1705s
 4881812 2586322    1.71436   83  203    1.03878    5.27924   408%  75.2 1710s
 4895827 2593849    5.00199   67  246    1.03878    5.27869   408%  75.2 1715s
 4900545 2596530 infeasible  106         1.03878    5.27859   408%  75.2 1720s
 4914259 2603858     cutoff   99         1.03878    5.27813   408%  75.2 1725s
 4929235 2611050    5.17587   62  223    1.03878    5.27764   408%  75.3 1730s
 4940403 2617200    5.24714   60  272    1.03878    5.27728   408%  75.3 1735s
 4955502 2625067     cutoff  107         1.03878    5.27694   408%  75.3 1740s
 4967321 2631958    1.80317   76  234    1.03878    5.27654   408%  75.3 1745s
 4982812 2639618    4.89589   63  214    1.03878    5.27597   408%  75.3 1750s
 4998028 2647112    1.43693  100  222    1.03878    5.27562   408%  75.2 1755s
 5013142 2655032     cutoff   91         1.03878    5.27512   408%  75.3 1760s
 5025473 2661924    3.60710   70  239    1.03878    5.27472   408%  75.3 1765s
 5037267 2669421    1.19818   89  190    1.03878    5.27436   408%  75.3 1770s
 5050609 2676189    3.88856   71  178    1.03878    5.27391   408%  75.3 1775s
 5066238 2684549    1.13387   96  159    1.03878    5.27347   408%  75.3 1780s
 5079446 2691155    1.14235   99  198    1.03878    5.27314   408%  75.3 1785s
 5094349 2699328 infeasible   86         1.03878    5.27271   408%  75.3 1791s
 5106240 2706524    1.59149   70  235    1.03878    5.27247   408%  75.3 1796s
 5118666 2712835    1.10220   78  235    1.03878    5.27198   408%  75.3 1800s
 5133289 2720383    4.50443   78  233    1.03878    5.27152   407%  75.3 1805s
 5145343 2727151    1.81003   87  242    1.03878    5.27128   407%  75.3 1810s
 5160309 2735056    1.52557   85  210    1.03878    5.27093   407%  75.3 1815s
 5172083 2741384    1.07084  103  204    1.03878    5.27065   407%  75.3 1820s
 5186297 2749378    1.70052   89  209    1.03878    5.27029   407%  75.3 1825s
 5198350 2756408 infeasible  103         1.03878    5.26995   407%  75.3 1830s
 5211142 2763312    1.66529   86  229    1.03878    5.26961   407%  75.3 1835s
 5226907 2771714    1.07766  105  168    1.03878    5.26921   407%  75.3 1840s
 5240762 2779629    1.57626   78  172    1.03878    5.26887   407%  75.4 1845s
 5255896 2787928    4.48183   80  208    1.03878    5.26852   407%  75.4 1850s
 5261535 2790363 infeasible   81         1.03878    5.26837   407%  75.4 1855s
 5277081 2799129    1.42749   98  210    1.03878    5.26798   407%  75.4 1860s
 5292533 2806587    1.67946   82  161    1.03878    5.26753   407%  75.4 1865s
 5306711 2814602    4.36947   85  243    1.03878    5.26723   407%  75.4 1870s
 5319734 2821157    2.73675   67  197    1.03878    5.26686   407%  75.4 1875s
 5332713 2827266    4.89744   75  202    1.03878    5.26659   407%  75.4 1880s
 5348226 2835010    2.92921   89  206    1.03878    5.26614   407%  75.4 1885s
 5363675 2843671    1.07561  109  149    1.03878    5.26570   407%  75.4 1890s
 5375860 2850269    4.59255   71  183    1.03878    5.26540   407%  75.4 1895s
 5388073 2857616     cutoff  102         1.03878    5.26503   407%  75.4 1900s
 5403746 2864818    1.15845  100  191    1.03878    5.26465   407%  75.4 1905s
H5412596 2866876                       1.0425355    5.26443   405%  75.4 1909s
 5414502 2868004     cutoff   96         1.04254    5.26440   405%  75.4 1910s
H5416213 2867984                       1.0425584    5.26436   405%  75.4 1910s
H5417093 2869413                       1.0425742    5.26433   405%  75.4 1911s
H5426267 2872878                       1.0425850    5.26409   405%  75.4 1914s
 5429288 2875414    4.61295   74  244    1.04259    5.26401   405%  75.4 1915s
 5444074 2882669    1.23454   91  182    1.04259    5.26365   405%  75.4 1920s
 5450443 2887307     cutoff  110         1.04259    5.26350   405%  75.4 1925s
 5467864 2896143    1.19016   96  219    1.04259    5.26307   405%  75.4 1930s
 5482257 2903880    4.78465   71  226    1.04259    5.26258   405%  75.4 1935s
 5497707 2912267    1.36185   85  193    1.04259    5.26226   405%  75.4 1940s
 5510396 2918539    1.06113  103  144    1.04259    5.26181   405%  75.4 1945s
 5522777 2924959    5.19040   66  222    1.04259    5.26160   405%  75.5 1950s
 5535856 2931716    1.65650   86  183    1.04259    5.26127   405%  75.5 1955s
 5548192 2938427    1.07339   78  193    1.04259    5.26090   405%  75.5 1960s
 5561826 2946215    4.99688   70  209    1.04259    5.26053   405%  75.5 1965s
 5575967 2953196    1.26723  105  202    1.04259    5.26015   405%  75.5 1970s
 5590214 2960343    3.93868   76  181    1.04259    5.25970   404%  75.5 1975s
 5604340 2967476    1.27851   92  184    1.04259    5.25938   404%  75.5 1980s
 5616822 2974502     cutoff  111         1.04259    5.25913   404%  75.5 1985s
 5624009 2977771 infeasible   83         1.04259    5.25888   404%  75.5 1991s
 5632877 2984307    1.36569   94  173    1.04259    5.25870   404%  75.5 1995s
 5643318 2989531    4.58018   68  238    1.04259    5.25847   404%  75.5 2000s
 5656246 2996693    1.47594   97  244    1.04259    5.25819   404%  75.5 2005s
 5668729 3002572     cutoff  108         1.04259    5.25781   404%  75.5 2010s
 5682401 3010390    5.22614   66  232    1.04259    5.25746   404%  75.5 2015s
 5692730 3016158    1.13692   94  174    1.04259    5.25726   404%  75.5 2020s
H5698591 3011517                       1.0511354    5.25711   400%  75.5 2022s
 5707514 3016913     cutoff   83         1.05114    5.25689   400%  75.5 2025s
 5719840 3023457    1.54154   81  207    1.05114    5.25661   400%  75.5 2030s
 5733727 3031236    1.45427   87  204    1.05114    5.25630   400%  75.5 2035s
 5745727 3038559 infeasible   77         1.05114    5.25599   400%  75.6 2040s
 5758387 3045370    1.33639   98  203    1.05114    5.25569   400%  75.6 2045s
 5773744 3052810    1.47790   89  212    1.05114    5.25532   400%  75.6 2050s
 5790419 3061489 infeasible   85         1.05114    5.25491   400%  75.6 2056s
 5801905 3067124     cutoff  109         1.05114    5.25456   400%  75.6 2060s
 5817007 3074928    1.41316   83  173    1.05114    5.25421   400%  75.6 2065s
 5831276 3082570    4.30187   76  200    1.05114    5.25379   400%  75.6 2070s
 5842978 3088903     cutoff   88         1.05114    5.25355   400%  75.6 2075s
 5856669 3096454    1.08983   87  168    1.05114    5.25325   400%  75.6 2080s
 5870916 3104186    1.22580   88  185    1.05114    5.25297   400%  75.6 2085s
 5883502 3111262    4.41289   60  211    1.05114    5.25265   400%  75.6 2090s
 5898686 3119295    1.39978   97  219    1.05114    5.25224   400%  75.6 2095s
 5911564 3125525    2.22707   67  210    1.05114    5.25193   400%  75.6 2100s
 5925573 3133377    5.16630   64  212    1.05114    5.25163   400%  75.6 2105s
 5937991 3139453     cutoff  102         1.05114    5.25132   400%  75.6 2110s
 5953485 3146964    3.73715   77  204    1.05114    5.25091   400%  75.6 2115s
 5960714 3150897 infeasible   90         1.05114    5.25075   400%  75.6 2120s
 5974204 3157770    1.45753   90  198    1.05114    5.25036   399%  75.6 2125s
 5990241 3166769    1.30040   99  180    1.05114    5.24996   399%  75.7 2130s
 6002391 3173341 infeasible   81         1.05114    5.24967   399%  75.7 2135s
 6017010 3180734    5.03418   66  231    1.05114    5.24930   399%  75.7 2140s
 6031237 3187800 infeasible  100         1.05114    5.24897   399%  75.7 2145s
 6043543 3194837    1.37884   95  192    1.05114    5.24868   399%  75.7 2150s
 6056218 3201428    1.15202   98  201    1.05114    5.24847   399%  75.7 2155s
 6070465 3207949     cutoff  104         1.05114    5.24814   399%  75.7 2160s
 6085149 3216051    3.74485   85  189    1.05114    5.24789   399%  75.7 2165s
 6095960 3222133    1.85111   79  208    1.05114    5.24758   399%  75.7 2170s
 6111434 3229737    3.10984   77  228    1.05114    5.24725   399%  75.7 2175s
 6125562 3237206    1.09790   94  217    1.05114    5.24689   399%  75.7 2180s
 6139407 3243990 infeasible   84         1.05114    5.24663   399%  75.7 2185s
 6156262 3252461    1.11786   98  189    1.05114    5.24620   399%  75.7 2190s
 6165717 3258166    1.67517   85  186    1.05114    5.24604   399%  75.7 2195s
 6178379 3265429     cutoff   90         1.05114    5.24577   399%  75.7 2200s
 6191449 3271985    1.06297  113  200    1.05114    5.24547   399%  75.7 2205s
 6205596 3279978    4.68356   74  160    1.05114    5.24514   399%  75.7 2210s
 6220241 3287608    1.21370   85  263    1.05114    5.24483   399%  75.8 2215s
 6233888 3295229    1.10573   89  153    1.05114    5.24446   399%  75.8 2220s
 6246634 3301908    4.66124   70  226    1.05114    5.24417   399%  75.8 2225s
 6258886 3307861    1.77019   83  189    1.05114    5.24390   399%  75.8 2230s
 6272039 3314280    1.71797   88  210    1.05114    5.24358   399%  75.8 2235s
 6286518 3321947    1.08515  104  191    1.05114    5.24317   399%  75.8 2240s
 6298888 3327667    1.65436   85  194    1.05114    5.24289   399%  75.8 2245s
 6306841 3333220    4.48560   77  183    1.05114    5.24271   399%  75.8 2250s
 6319364 3340101     cutoff  100         1.05114    5.24244   399%  75.8 2255s
 6334474 3347695    1.77009   78  204    1.05114    5.24214   399%  75.8 2260s
 6348654 3354701 infeasible  105         1.05114    5.24174   399%  75.8 2265s
 6359481 3359285    1.54961   92  237    1.05114    5.24145   399%  75.8 2270s
 6368679 3365533     cutoff   80         1.05114    5.24120   399%  75.8 2275s
 6382598 3372934    4.72214   68  229    1.05114    5.24091   399%  75.8 2280s
 6395263 3378467    1.39174  104  221    1.05114    5.24061   399%  75.8 2285s
 6409610 3386206    4.45728   82  243    1.05114    5.24026   399%  75.8 2290s
 6421843 3392758    1.39476   81  178    1.05114    5.23995   399%  75.8 2295s
 6435472 3400151 infeasible   70         1.05114    5.23964   398%  75.8 2300s
 6450737 3407718     cutoff  106         1.05114    5.23931   398%  75.8 2305s
 6467009 3417038    1.68303   93  243    1.05114    5.23893   398%  75.8 2310s
 6481584 3424566    1.14796  100  145    1.05114    5.23857   398%  75.9 2315s
 6496308 3432979    4.05881   86  192    1.05114    5.23832   398%  75.9 2320s
 6513411 3441245 infeasible   90         1.05114    5.23796   398%  75.9 2325s
 6525767 3448015    1.14353   99  210    1.05114    5.23765   398%  75.9 2330s
 6542164 3457316    1.20759   99  157    1.05114    5.23729   398%  75.9 2335s
 6556396 3464836    3.55978   72  244    1.05114    5.23707   398%  75.9 2340s
 6573551 3473426    4.24334   83  193    1.05114    5.23675   398%  75.9 2345s
 6587279 3481274    1.38506  105  247    1.05114    5.23649   398%  75.9 2350s
 6604462 3489438    1.34839   95  218    1.05114    5.23605   398%  75.9 2355s
 6619904 3497770    1.65067   74  197    1.05114    5.23578   398%  75.9 2360s
 6628850 3501586    4.83127   68  207    1.05114    5.23558   398%  75.9 2365s
 6643575 3509888    4.29101   74  239    1.05114    5.23529   398%  75.9 2370s
 6655983 3516634    1.98988   71  165    1.05114    5.23499   398%  75.9 2375s
 6672758 3525490    1.77892   89  242    1.05114    5.23465   398%  75.9 2380s
 6685743 3532179    1.18850  102  191    1.05114    5.23444   398%  75.9 2385s
 6702716 3540433    4.98750   67  250    1.05114    5.23404   398%  75.9 2390s
 6714496 3547593    1.61893   76  186    1.05114    5.23376   398%  75.9 2395s
 6730212 3556216    4.64351   79  221    1.05114    5.23349   398%  75.9 2400s
 6744442 3563665    1.67523   88  210    1.05114    5.23309   398%  75.9 2405s
 6756135 3569906    1.75346   90  201    1.05114    5.23289   398%  75.9 2410s
 6770409 3577265    1.53826  101  215    1.05114    5.23253   398%  75.9 2415s
 6784100 3585061     cutoff  111         1.05114    5.23235   398%  75.9 2420s
 6799201 3592975 infeasible   78         1.05114    5.23207   398%  75.9 2425s
 6813837 3600953    1.60183   82  160    1.05114    5.23184   398%  75.9 2430s
 6828126 3608388    1.07810  111  179    1.05114    5.23158   398%  75.9 2435s
 6843281 3616832    1.06143  100  194    1.05114    5.23131   398%  75.9 2440s
 6859696 3625392     cutoff  106         1.05114    5.23107   398%  75.9 2445s
 6874209 3633299    1.92317   75  197    1.05114    5.23079   398%  75.9 2450s
 6888566 3641471    1.16964   89  185    1.05114    5.23053   398%  75.9 2455s
 6901414 3648536    4.31034   81  194    1.05114    5.23026   398%  75.9 2460s
 6916614 3655489    1.99612   68  181    1.05114    5.22995   398%  75.9 2465s
 6928452 3661567 infeasible   85         1.05114    5.22979   398%  75.9 2470s
 6942230 3669102    1.27020  107  161    1.05114    5.22958   398%  75.9 2475s
 6954290 3675087    4.64381   83  215    1.05114    5.22934   397%  75.9 2480s
 6965347 3680176    1.54065   91  244    1.05114    5.22910   397%  75.9 2485s
 6973915 3686031    1.63374   83  162    1.05114    5.22889   397%  75.9 2490s
 6987287 3692580    2.58005   69  195    1.05114    5.22867   397%  75.9 2495s
 6996747 3697854    2.56273   76  188    1.05114    5.22850   397%  75.9 2500s
 7008822 3704660    1.78154   84  220    1.05114    5.22832   397%  75.9 2505s
 7018547 3709413 infeasible  104         1.05114    5.22809   397%  75.9 2510s
 7030329 3716340    3.64310   71  113    1.05114    5.22784   397%  75.9 2515s
 7039826 3721597     cutoff   99         1.05114    5.22770   397%  75.9 2520s
 7052546 3728174     cutoff  103         1.05114    5.22746   397%  75.9 2525s
 7062898 3732771    1.53512   92  171    1.05114    5.22723   397%  75.9 2530s
 7073539 3739341    1.14101  109  154    1.05114    5.22706   397%  75.9 2535s
 7082785 3744903    1.76095   89  193    1.05114    5.22686   397%  75.9 2540s
 7093876 3751323    1.65105   77  162    1.05114    5.22669   397%  75.9 2545s
 7106455 3757475    1.19488  104  145    1.05114    5.22656   397%  75.9 2550s
 7116696 3762571     cutoff  106         1.05114    5.22629   397%  75.9 2555s
 7128972 3769230    3.95648   80  192    1.05114    5.22609   397%  75.9 2561s
 7138565 3774520    1.42224   97  220    1.05114    5.22594   397%  75.9 2565s
 7148984 3779990     cutoff   89         1.05114    5.22575   397%  75.9 2570s
 7160957 3786481    1.73579   84  235    1.05114    5.22551   397%  76.0 2576s
 7168134 3791011    4.05469   78  211    1.05114    5.22533   397%  76.0 2580s
 7180894 3796788 infeasible   69         1.05114    5.22510   397%  75.9 2585s
 7192774 3802584     cutoff  107         1.05114    5.22495   397%  75.9 2590s
 7204806 3809798    1.95055   68  211    1.05114    5.22467   397%  76.0 2596s
 7215608 3815213     cutoff   95         1.05114    5.22448   397%  76.0 2600s
 7227078 3821570    1.75243   89  249    1.05114    5.22431   397%  76.0 2605s
 7238141 3827311    5.07753   80  194    1.05114    5.22408   397%  76.0 2611s
 7247495 3832766 infeasible  109         1.05114    5.22391   397%  76.0 2615s
 7256818 3837352    1.53691   89  247    1.05114    5.22372   397%  76.0 2620s
 7268612 3843720    1.06149  110  172    1.05114    5.22350   397%  76.0 2625s
 7280501 3849855 infeasible   82         1.05114    5.22331   397%  76.0 2630s
 7289815 3855479    1.47573   85  193    1.05114    5.22319   397%  76.0 2635s
 7294270 3869557    1.76784   74  218    1.05114    5.22311   397%  76.0 2646s
 7318502 3870358     cutoff  100         1.05114    5.22283   397%  76.0 2650s
 7326831 3874945 infeasible   97         1.05114    5.22254   397%  76.0 2655s
 7336618 3880762    1.24454  103  198    1.05114    5.22241   397%  76.0 2660s
 7347645 3886778    2.94748   72  180    1.05114    5.22220   397%  76.0 2665s
 7360508 3892976 infeasible   91         1.05114    5.22201   397%  76.0 2670s
 7373891 3899619    1.23139   87  203    1.05114    5.22179   397%  76.0 2675s
 7383535 3904989    2.39961   88  234    1.05114    5.22167   397%  76.0 2680s
 7395185 3911764    1.11700   90  153    1.05114    5.22147   397%  76.0 2686s
 7405063 3917832    1.29756   94  199    1.05114    5.22139   397%  76.1 2690s
 7414392 3923228 infeasible  104         1.05114    5.22122   397%  76.1 2695s
 7424632 3928489    4.88831   74  228    1.05114    5.22106   397%  76.1 2700s
 7436189 3933476 infeasible  103         1.05114    5.22090   397%  76.0 2705s
 7448366 3939660 infeasible   96         1.05114    5.22064   397%  76.0 2710s
 7458211 3944444    1.45013   87  246    1.05114    5.22046   397%  76.0 2715s
 7470603 3951023    1.50979   96  195    1.05114    5.22026   397%  76.0 2720s
 7483153 3957601    1.67574   85  244    1.05114    5.22002   397%  76.0 2725s
 7493008 3962657    1.41219   83  181    1.05114    5.21988   397%  76.0 2730s
 7504283 3969655    3.36882   75  196    1.05114    5.21970   397%  76.0 2735s
 7514062 3975141    1.23138   99  223    1.05114    5.21957   397%  76.0 2740s
 7524914 3980454    1.14386  100  188    1.05114    5.21939   397%  76.0 2745s
 7535408 3985768 infeasible   91         1.05114    5.21926   397%  76.0 2750s
 7545352 3991709    1.32525   72  136    1.05114    5.21911   397%  76.0 2755s
 7555619 3996791 infeasible   86         1.05114    5.21889   397%  76.0 2760s
 7567793 4003867     cutoff  110         1.05114    5.21873   396%  76.0 2765s
 7577884 4010787 infeasible   97         1.05114    5.21857   396%  76.0 2770s
 7589142 4015603    1.21701   96  193    1.05114    5.21847   396%  76.0 2775s
 7600152 4021878    1.13382   84  129    1.05114    5.21829   396%  76.0 2780s
 7612996 4028648    1.08362  103  173    1.05114    5.21804   396%  76.0 2785s
 7622701 4033663    1.74796   83  186    1.05114    5.21785   396%  76.0 2790s
 7635573 4040556    1.39199   99  201    1.05114    5.21761   396%  76.0 2795s
 7645496 4045784    5.17474   66  246    1.05114    5.21742   396%  76.0 2800s
 7651700 4048638     cutoff  101         1.05114    5.21737   396%  76.0 2805s
 7663958 4055704    1.46680   94  218    1.05114    5.21722   396%  76.0 2810s
 7673307 4060970    1.51961   93  258    1.05114    5.21710   396%  76.0 2815s
 7684624 4067829    4.66864   76  209    1.05114    5.21689   396%  76.0 2820s
 7697014 4074562    4.18080   82  176    1.05114    5.21671   396%  76.0 2825s
 7709115 4081093    1.23323   84  183    1.05114    5.21653   396%  76.0 2830s
 7720630 4088507    1.52241   89  160    1.05114    5.21642   396%  76.0 2835s
 7730918 4093769    1.83867   77  136    1.05114    5.21625   396%  76.0 2840s
 7744118 4100237    1.88218   81  203    1.05114    5.21604   396%  76.0 2845s
 7756553 4106211 infeasible   86         1.05114    5.21581   396%  76.0 2850s
 7769206 4112383     cutoff  104         1.05114    5.21564   396%  76.0 2855s
 7780513 4118596 infeasible  107         1.05114    5.21544   396%  76.0 2860s
 7789813 4124124    1.06959  103  175    1.05114    5.21529   396%  76.0 2865s
 7802175 4130283     cutoff  104         1.05114    5.21510   396%  76.0 2870s
 7812323 4135502    4.81086   75  212    1.05114    5.21498   396%  76.0 2875s
 7824589 4141974    4.62598   73  208    1.05114    5.21477   396%  76.0 2880s
 7836681 4148120 infeasible   98         1.05114    5.21457   396%  76.0 2885s
 7846775 4153633    1.59887   86  222    1.05114    5.21444   396%  76.0 2890s
 7859302 4159498     cutoff   94         1.05114    5.21419   396%  76.0 2895s
 7871327 4166749    3.47747   80  191    1.05114    5.21407   396%  76.0 2901s
 7882455 4171467     cutoff  110         1.05114    5.21396   396%  76.0 2905s
 7894970 4178023     cutoff  103         1.05114    5.21376   396%  76.0 2910s
 7906375 4184208    1.08597  105  225    1.05114    5.21351   396%  76.0 2915s
 7918525 4190497    1.16701   58   93    1.05114    5.21328   396%  76.0 2920s
 7930780 4197137    1.09320   92  157    1.05114    5.21308   396%  76.0 2925s
 7942454 4204380     cutoff  100         1.05114    5.21296   396%  76.0 2930s
 7952734 4209829    4.50966   59  214    1.05114    5.21284   396%  76.0 2935s
 7965497 4216546     cutoff  106         1.05114    5.21264   396%  76.0 2940s
 7978527 4223950    1.32536   93  180    1.05114    5.21249   396%  76.0 2945s
 7991437 4230813    1.17344   91  118    1.05114    5.21229   396%  76.0 2950s
 8005713 4238158    1.49652   99  167    1.05114    5.21203   396%  76.0 2955s
 8010940 4240250     cutoff  110         1.05114    5.21201   396%  76.0 2960s
 8020547 4245704    3.87044   78  218    1.05114    5.21184   396%  76.0 2965s
 8033775 4252694    4.85583   66  222    1.05114    5.21167   396%  76.0 2970s
 8043622 4257871    1.84780   78  230    1.05114    5.21151   396%  76.0 2975s
 8055344 4263933     cutoff   85         1.05114    5.21128   396%  76.0 2980s
 8067937 4270237    4.54160   67  218    1.05114    5.21107   396%  76.0 2985s
 8080518 4276211     cutoff  101         1.05114    5.21088   396%  76.0 2990s
 8092668 4282865    1.11745  113  215    1.05114    5.21073   396%  76.0 2995s
 8105406 4288995    4.91840   75  233    1.05114    5.21050   396%  76.0 3000s
 8118789 4296179    1.22594  104  207    1.05114    5.21030   396%  76.0 3005s
 8130916 4301475    3.88902   93  207    1.05114    5.21008   396%  76.0 3010s
 8142529 4307899    4.62107   82  203    1.05114    5.20995   396%  76.0 3015s
 8153922 4314015    1.77722   85  187    1.05114    5.20976   396%  76.0 3020s
 8166280 4320684    1.60670   88  182    1.05114    5.20957   396%  76.0 3026s
 8176706 4326071     cutoff  104         1.05114    5.20943   396%  76.0 3030s
 8189548 4333212    2.27787   81  210    1.05114    5.20929   396%  76.0 3035s
 8201183 4339430 infeasible   78         1.05114    5.20910   396%  76.0 3040s
 8213508 4346058    5.16615   74  241    1.05114    5.20894   396%  76.0 3045s
 8227567 4353115    4.83785   72  232    1.05114    5.20873   396%  76.0 3050s
 8237593 4358673    4.27497   77  231    1.05114    5.20858   396%  76.0 3055s
 8250217 4365065    1.21460   98  139    1.05114    5.20839   396%  76.0 3060s
 8256821 4368706    1.06281   98  203    1.05114    5.20832   395%  76.0 3065s
 8269268 4374557     cutoff  117         1.05114    5.20810   395%  76.0 3070s
 8280676 4380898    2.80627   78  177    1.05114    5.20799   395%  76.0 3075s
 8293358 4387727    1.57629   92  175    1.05114    5.20786   395%  76.0 3080s
 8304242 4393896    1.09227  104  218    1.05114    5.20771   395%  76.0 3085s
 8316584 4400842    4.63227   63  210    1.05114    5.20753   395%  76.0 3090s
 8329451 4407065    4.96662   69  212    1.05114    5.20735   395%  76.0 3095s
 8338753 4412246 infeasible   85         1.05114    5.20728   395%  76.0 3100s
 8351786 4418577    2.66273   69  154    1.05114    5.20707   395%  76.0 3105s
 8363558 4425433    1.65837   90  237    1.05114    5.20696   395%  76.0 3110s
 8370854 4428349    2.15708   80  166    1.05114    5.20685   395%  76.0 3115s
 8380499 4434640 infeasible   85         1.05114    5.20675   395%  76.0 3120s
 8392028 4440233     cutoff  102         1.05114    5.20663   395%  76.0 3125s
 8405856 4447555     cutoff  100         1.05114    5.20642   395%  76.0 3130s
 8417897 4454142    1.10459  113  173    1.05114    5.20625   395%  76.0 3135s
 8431213 4461611    1.66145   84  181    1.05114    5.20612   395%  76.0 3140s
 8443133 4467448    1.35937   99  185    1.05114    5.20594   395%  76.0 3145s
 8455612 4474182    2.85410   82  174    1.05114    5.20579   395%  76.0 3150s
 8467023 4480089    1.12635  118  184    1.05114    5.20561   395%  76.0 3156s
 8476976 4486028    1.10244  102  205    1.05114    5.20553   395%  76.0 3160s
 8492361 4493500    1.61944   94  219    1.05114    5.20535   395%  76.0 3165s
 8503423 4499491    3.63845   55  102    1.05114    5.20522   395%  76.0 3170s
 8516432 4505674    1.29936   86  161    1.05114    5.20505   395%  76.0 3175s
 8529306 4511930    1.53764   96  216    1.05114    5.20494   395%  76.0 3180s
 8540999 4518457    1.10235  102  202    1.05114    5.20475   395%  76.0 3185s
 8553015 4525364    1.12288   96  174    1.05114    5.20459   395%  76.0 3190s
 8565358 4531459    2.16335   69  122    1.05114    5.20439   395%  76.0 3195s
 8576581 4538217     cutoff   98         1.05114    5.20425   395%  76.0 3200s
 8589869 4544677    2.30659   96  204    1.05114    5.20409   395%  76.0 3205s
 8601316 4552090    2.33634   72  194    1.05114    5.20390   395%  76.0 3210s
 8613523 4558674    2.73155   64  130    1.05114    5.20382   395%  76.0 3215s
 8623448 4563933    4.79276   66  239    1.05114    5.20364   395%  76.0 3220s
 8638181 4571405    2.50942   76  213    1.05114    5.20346   395%  76.0 3225s
 8649526 4577288     cutoff  101         1.05114    5.20329   395%  76.0 3230s
 8663726 4584521    4.37339   78  199    1.05114    5.20311   395%  76.0 3235s
 8674643 4590853    1.07388  106  190    1.05114    5.20303   395%  76.0 3240s
 8687365 4596925    3.87535   78  192    1.05114    5.20292   395%  76.0 3245s
 8700095 4603156     cutoff  110         1.05114    5.20271   395%  76.0 3250s
 8711951 4609308    2.12410   78  196    1.05114    5.20255   395%  76.0 3255s
 8724095 4615554    1.79523   72  157    1.05114    5.20243   395%  76.0 3260s
 8730866 4618399    4.32172   77  179    1.05114    5.20237   395%  76.0 3265s
 8739732 4624630    2.08071   75  161    1.05114    5.20228   395%  76.0 3270s
 8753057 4631154    1.54495   81  208    1.05114    5.20210   395%  76.0 3275s
 8765543 4638222    4.66052   77  204    1.05114    5.20193   395%  76.0 3280s
 8777886 4644719    5.07792   54  237    1.05114    5.20177   395%  76.0 3285s
 8789700 4650679    1.33274  107  217    1.05114    5.20163   395%  76.0 3290s
 8801068 4657585    3.30565   87  228    1.05114    5.20145   395%  76.0 3295s
 8814054 4663783 infeasible  106         1.05114    5.20130   395%  76.0 3300s
 8825397 4670375    1.35639   98  209    1.05114    5.20114   395%  76.0 3305s
 8839673 4677469    3.10828   61  230    1.05114    5.20093   395%  76.0 3310s
 8850760 4683573    1.12750  114  199    1.05114    5.20079   395%  76.0 3315s
 8862614 4690733    4.49563   63  197    1.05114    5.20067   395%  76.0 3320s
 8874867 4696951    1.30864  101  207    1.05114    5.20047   395%  76.0 3325s
 8887163 4703266     cutoff  109         1.05114    5.20029   395%  76.0 3330s
 8898895 4710156    4.36418   69  216    1.05114    5.20016   395%  76.0 3335s
 8911711 4717036    1.45692   85  165    1.05114    5.20001   395%  76.0 3340s
 8923118 4722960    5.17238   74  250    1.05114    5.19986   395%  76.0 3345s
 8934424 4729160    1.19195   83  186    1.05114    5.19970   395%  76.0 3350s
 8944812 4733687    1.09189  106  176    1.05114    5.19958   395%  76.1 3355s
 8956156 4740026    1.10303   91  136    1.05114    5.19945   395%  76.1 3360s
 8968234 4746788    1.39620   98  236    1.05114    5.19929   395%  76.1 3365s
 8982404 4753763    4.62230   62   92    1.05114    5.19911   395%  76.1 3370s
 8993769 4759619    4.90641   60  213    1.05114    5.19894   395%  76.1 3375s
 9005778 4765954     cutoff   84         1.05114    5.19875   395%  76.1 3380s
 9015634 4770247    4.82912   74  239    1.05114    5.19857   395%  76.1 3385s
 9029840 4777571    4.42209   68  215    1.05114    5.19836   395%  76.1 3390s
 9040940 4783522    1.08103   90  194    1.05114    5.19820   395%  76.1 3395s
 9048439 4786380    4.50952   69  195    1.05114    5.19813   395%  76.1 3400s
 9055901 4791881    1.20648   78  209    1.05114    5.19808   395%  76.1 3405s
 9067548 4798815    4.52098   82  209    1.05114    5.19793   395%  76.1 3410s
 9080523 4804762    1.32259   83  182    1.05114    5.19775   394%  76.1 3415s
 9091575 4810809    1.89658   82  219    1.05114    5.19757   394%  76.1 3420s
 9103729 4817395    1.55531   72  203    1.05114    5.19737   394%  76.1 3425s
 9115151 4823921 infeasible   78         1.05114    5.19726   394%  76.1 3430s
 9127596 4830412    4.73857   59  247    1.05114    5.19710   394%  76.1 3435s
 9138243 4835815    1.61587   72  187    1.05114    5.19698   394%  76.1 3440s
 9150790 4842690    1.64802   91  221    1.05114    5.19677   394%  76.1 3445s
 9162202 4849178    1.20123   97  155    1.05114    5.19662   394%  76.1 3450s
 9174731 4854957    2.84718   47  254    1.05114    5.19643   394%  76.1 3456s
 9184585 4860094     cutoff   98         1.05114    5.19624   394%  76.1 3460s
 9199657 4867851    1.30439   97  181    1.05114    5.19606   394%  76.1 3465s
 9209495 4873365    4.97241   64  208    1.05114    5.19588   394%  76.1 3470s
 9214190 4876220 infeasible   82         1.05114    5.19585   394%  76.1 3475s
 9227779 4882726    4.35044   76  201    1.05114    5.19563   394%  76.1 3480s
 9239764 4889254     cutoff   93         1.05114    5.19549   394%  76.1 3485s
 9251135 4896075    4.40746   67  168    1.05114    5.19531   394%  76.1 3490s
 9263338 4902522     cutoff  119         1.05114    5.19516   394%  76.1 3495s
 9275678 4908720    1.83446   89  222    1.05114    5.19502   394%  76.1 3500s
 9286933 4915418    1.29767   96  160    1.05114    5.19484   394%  76.1 3505s
 9300253 4921889    4.47383   70  266    1.05114    5.19464   394%  76.1 3510s
 9311726 4928226    1.46871   82  216    1.05114    5.19451   394%  76.1 3515s
 9323082 4934721    1.36179   80  134    1.05114    5.19437   394%  76.1 3520s
 9334507 4941229    4.26867   73  214    1.05114    5.19421   394%  76.1 3525s
 9347140 4947052    4.68362   56  216    1.05114    5.19404   394%  76.1 3530s
 9359185 4952915    4.21048   70  177    1.05114    5.19385   394%  76.1 3535s
 9370481 4959749    1.63629   92  185    1.05114    5.19371   394%  76.1 3540s
 9382523 4966477    1.43147  103  194    1.05114    5.19354   394%  76.1 3546s
 9394636 4971255    1.34747   97  211    1.05114    5.19337   394%  76.1 3550s
 9397162 4973838    1.35480   99  221    1.05114    5.19333   394%  76.1 3555s
 9410338 4979647    4.53363   67  181    1.05114    5.19317   394%  76.1 3560s
 9420242 4985399    1.45292   58  104    1.05114    5.19301   394%  76.1 3565s
 9435009 4992579     cutoff  106         1.05114    5.19280   394%  76.1 3570s
 9444751 4998135 infeasible   78         1.05114    5.19272   394%  76.1 3575s
 9458314 5004853    1.34327   97  193    1.05114    5.19252   394%  76.1 3580s
 9471109 5012026    4.87845   68  206    1.05114    5.19234   394%  76.1 3585s
 9483546 5018573     cutoff   89         1.05114    5.19224   394%  76.1 3590s
 9493461 5023928    1.35857  103  193    1.05114    5.19211   394%  76.1 3595s
 9504341 5030069    1.39871  100  162    1.05114    5.19201   394%  76.1 3600s
