Set parameter MIPGap to value 0.01
Set parameter TimeLimit to value 3600
Gurobi Optimizer version 12.0.3 build v12.0.3rc0 (linux64 - "Fedora Linux 42 (Workstation Edition)")

CPU model: AMD Ryzen 9 5900X 12-Core Processor, instruction set [SSE2|AVX|AVX2]
Thread count: 12 physical cores, 24 logical processors, using up to 24 threads

Non-default parameters:
TimeLimit  3600
MIPGap  0.01

Optimize a model with 23 rows, 168 columns and 55 nonzeros
Model fingerprint: 0xdf16ce1f
Model has 90 quadratic constraints
Model has 22 simple general constraints
  22 PWL
Model has 12 general nonlinear constraints (198 nonlinear terms)
Variable types: 168 continuous, 0 integer (0 binary)
Coefficient statistics:
  Matrix range     [1e+00, 5e+00]
  QMatrix range    [2e-05, 5e+02]
  QLMatrix range   [2e-05, 2e+02]
  Objective range  [1e+00, 1e+00]
  Bounds range     [1e-01, 5e-01]
  RHS range        [4e-02, 3e+00]
  QRHS range       [2e-05, 7e+01]
  PWLCon x range   [0e+00, 5e+00]
  PWLCon y range   [5e-07, 1e+00]
Presolve model has 12 nlconstr
Added 286 variables to disaggregate expressions.
Presolve added 44 rows and 414 columns
Presolve time: 0.03s
Presolved: 1284 rows, 947 columns, 3908 nonzeros
Presolved model has 22 SOS constraint(s)
Presolved model has 288 bilinear constraint(s)









Solving non-convex MIQCP

Variable types: 947 continuous, 0 integer (0 binary)
Found heuristic solution: objective 0.4868738

Root relaxation: unbounded, 0 iterations, 0.00 seconds (0.00 work units)

    Nodes    |    Current Node    |     Objective Bounds      |     Work
 Expl Unexpl |  Obj  Depth IntInf | Incumbent    BestBd   Gap | It/Node Time

     0     2  postponed    0         0.48687          -      -     -    0s
H   35    64                       0.9260745          -      -  25.0    0s
H 2446  1317                       0.9260746          -      -  12.2    0s
H 4352  1969                       0.9260888          -      -  11.9    1s
H 5396  2106                       0.9595969          -      -  12.4    1s
H 5675  2146                       0.9724432          -      -  12.9    1s
H 6111  2295                       0.9724528          -      -  14.7    1s
H 6661  2567                       1.1333712          -      -  15.5    1s
H10565  2996                       1.1333861          -      -  25.5    3s
H11037  3459                       1.1333866          -      -  26.3    3s
H11548  3528                       1.1785604          -      -  27.1    3s
H12091  3672                       1.1785648          -      -  27.7    3s
H12653  3980                       1.1785847          -      -  28.0    4s
H12895  3980                       1.1785855          -      -  28.2    4s
H13469  4242                       1.1785877          -      -  29.7    4s
H13549  4242                       1.1785943          -      -  29.9    4s
 15004  4707    1.31534  145   98    1.17859          -      -  32.6    5s
 24103  7234     cutoff  168         1.17859          -      -  46.1   10s
*27072  7105             196       1.2258704          -      -  49.3   11s
 34857 10424 infeasible   39         1.22587          -      -  49.4   15s
*44858 15450             189       1.2361221          -      -  49.3   17s
*47368 16972             186       1.2361244          -      -  49.6   17s
*51724 20304             162       1.2412688          -      -  49.2   18s
 55816 21339 999642.972   37  252    1.24127 999894.107      -  50.8   20s
 69866 27180     cutoff  100         1.24127 999832.048      -  59.5   25s
*72239 25530             242       1.3003618 999821.452      -  60.2   25s
H72371 24959                       1.3003646 999819.619      -  60.3   25s
H75556 25004                       1.3003660 999801.898      -  61.7   26s
*78326 24103             141       1.3194881 999784.895      -  62.7   27s
H80472 23133                       1.3382853 999638.141      -  63.4   28s
H80662 22279                       1.3384479 999638.141      -  63.4   28s
H82624 21912                       1.3527374 999548.320      -  64.6   28s
H83089 21916                       1.3527390 999548.320      -  64.8   29s
 85412 22822    4.82674   51  178    1.35274 998743.847      -  66.2   30s
H85575 21608                       1.3825694 998743.847      -  66.3   30s
H85711 20842                       1.3871616 998521.698      -  66.2   30s
H85765 20216                       1.3871616 998521.698      -  66.2   30s
H86490 19468                       1.3897641 998521.698      -  66.6   30s
H88497 21427                       1.4013421 998417.988      -  67.2   31s
H88540 21425                       1.4014483 998417.988      -  67.2   31s
H90533 22423                       1.4014483 993986.714      -  67.9   31s
H91094 22423                       1.4014678 993986.714      -  68.3   31s
H93420 24665                       1.4036281 992918.550      -  68.9   32s
H94910 25953                       1.4055493 992918.549      -  69.0   33s
H97713 27274                       1.4055769 992290.607      -  68.8   33s
H98855 27274                       1.4055769 991363.757      -  68.9   33s
H100441 28878                       1.4055944 987942.301      -  68.9   34s
H100617 28871                       1.4056800 987942.301      -  68.9   34s
 101424 30304    1.49999  117  188    1.40568 987942.301      -  68.9   35s
H111934 35899                       1.4056880 664742.295      -  71.0   37s
 120208 42467    5.30805   65  246    1.40569   12.84196   814%  72.6   40s
 136408 53224    1.82447   77  223    1.40569   12.38589   781%  76.9   45s
 148419 61600   11.23184   48  268    1.40569   12.15505   765%  79.9   50s
 163095 70458    7.99040   67  238    1.40569   11.92144   748%  82.3   55s
 180879 79779 infeasible   93         1.40569   11.73776   735%  84.5   60s
 188215 85232    8.57415   60  209    1.40569   11.68866   732%  85.5   65s
H195072 88395                       1.4057132   11.62516   727%  86.4   66s
 202721 94415    2.69140   67  248    1.40571   11.54307   721%  87.2   70s
 218300 103399    7.62823   62  232    1.40571   11.42503   713%  88.3   75s
 231613 112079    1.47553   80  153    1.40571   11.34466   707%  89.7   80s
 246703 120931    2.33086   71  232    1.40571   11.22254   698%  90.6   85s
 263573 131284    1.76138   65  207    1.40571   11.14813   693%  91.4   90s
 278191 140133    8.64091   56  221    1.40571   11.06227   687%  92.2   95s
 292893 149462    1.96189   79  245    1.40571   10.96410   680%  92.4  100s
 309388 158610    2.31552   75  231    1.40571   10.91091   676%  93.1  105s
 322697 166614    2.07859   84  286    1.40571   10.87051   673%  94.1  110s
 338290 176260    1.67481   81  278    1.40571   10.81518   669%  94.4  115s
 353642 184793    7.29852   51  204    1.40571   10.77109   666%  94.6  120s
 367211 193272    3.10264   67  235    1.40571   10.70824   662%  95.2  125s
 381649 202088 infeasible   68         1.40571   10.66759   659%  95.7  130s
H384071 203835                       1.4057156   10.66759   659%  95.8  131s
 396157 210991    6.29587   69  234    1.40572   10.63151   656%  96.1  135s
 410159 220016    1.86760   95  276    1.40572   10.59627   654%  96.4  140s
 425285 228647 infeasible   79         1.40572   10.55408   651%  96.9  145s
 437581 236759     cutoff   73         1.40572   10.51832   648%  97.4  150s
 445643 241439 infeasible   80         1.40572   10.50299   647%  97.5  155s
 460213 249703    2.25798   70  189    1.40572   10.46637   645%  97.9  160s
H469268 254179                       1.4069195   10.45159   643%  98.0  162s
H470573 255409                       1.4069209   10.45076   643%  98.0  163s
H471350 255405                       1.4069721   10.45076   643%  98.0  163s
H472020 255405                       1.4069784   10.45076   643%  98.0  163s
 475279 258264     cutoff   79         1.40698   10.44144   642%  98.0  165s
H482769 262518                       1.4069845   10.42196   641%  98.1  167s
H485029 263773                       1.4069878   10.41448   640%  98.2  168s
H488970 265226                       1.4069974   10.40672   640%  98.3  169s
 489045 266802    2.35664   69  220    1.40700   10.40672   640%  98.3  170s
H491997 267887                       1.4070123   10.40155   639%  98.3  171s
 503715 275371    2.02859   69  164    1.40701   10.38031   638%  98.6  175s
H508495 277342                       1.4071094   10.37438   637%  98.7  176s
H511182 280033                       1.4071212   10.37272   637%  98.8  178s
 513235 281127    6.79596   57  215    1.40712   10.36413   637%  98.9  180s
 525588 289121    8.63024   65  269    1.40712   10.34407   635%  99.2  185s
 542239 298604    5.94614   74  267    1.40712   10.31783   633%  99.4  190s
 554039 306141    6.07238   56  245    1.40712   10.30347   632%   100  195s
 569448 315056    3.03304   53  262    1.40712   10.27939   631%   100  200s
 583443 324150    3.01438   72  224    1.40712   10.25788   629%   100  205s
 598185 332659    6.35059   50  239    1.40712   10.23599   627%   101  210s
 612481 340983    5.86823   64  225    1.40712   10.21525   626%   101  215s
 625089 348033    2.66942   69  221    1.40712   10.19582   625%   101  220s
 638754 356669    1.60789   89  262    1.40712   10.18445   624%   101  225s
 651853 364763    6.68287   63  216    1.40712   10.16518   622%   102  230s
 664796 372668 infeasible   86         1.40712   10.14732   621%   102  235s
 679553 381533    9.34968   48  304    1.40712   10.13170   620%   102  240s
 687565 385454    2.19829   83  261    1.40712   10.12007   619%   102  245s
 699413 391619    2.78994   79  247    1.40712   10.10675   618%   102  250s
 712104 398810    2.68406   82  249    1.40712   10.09528   617%   102  255s
 725993 406988    8.75664   52  262    1.40712   10.07935   616%   103  260s
 740112 415723    9.02058   56  220    1.40712   10.06476   615%   103  265s
 754623 424595    1.68287   95  244    1.40712   10.05009   614%   103  270s
 766615 431824    2.86879   72  242    1.40712   10.03890   613%   103  275s
 781819 440913 infeasible   81         1.40712   10.02687   613%   103  280s
 793636 447653     cutoff   92         1.40712   10.01620   612%   103  285s
 807393 456132    1.62064   87  289    1.40712   10.00223   611%   104  290s
 822432 464482    2.31893   73  244    1.40712    9.98672   610%   104  295s
 834199 471620    7.70256   64  227    1.40712    9.97951   609%   104  300s
 846532 479154     cutoff   73         1.40712    9.97050   609%   104  305s
 860140 487494    8.96981   57  262    1.40712    9.95991   608%   104  310s
 871603 494728    2.50066   70  232    1.40712    9.95295   607%   104  315s
 885799 503101    2.79376   66  242    1.40712    9.94592   607%   104  320s
 897467 510419 infeasible  120         1.40712    9.94108   606%   105  326s
 908590 517746    8.37819   66  230    1.40712    9.93465   606%   105  330s
 923730 525856    2.11241   80  229    1.40712    9.92299   605%   105  335s
 935298 532935    1.75757   82  215    1.40712    9.91696   605%   105  340s
 941985 537195    5.33833   71  225    1.40712    9.91178   604%   105  345s
 954378 544190    8.89335   52  266    1.40712    9.90246   604%   105  350s
 967396 552170    1.96074   83  218    1.40712    9.89385   603%   106  355s
 979725 558847     cutoff   75         1.40712    9.88685   603%   106  360s
 991971 566805    4.09147   64  225    1.40712    9.87792   602%   106  365s
 1003507 574286    1.48483   99  186    1.40712    9.87346   602%   106  370s
 1016398 581797    7.57265   59  237    1.40712    9.86375   601%   106  375s
 1028341 589021    1.68188   87  207    1.40712    9.85614   600%   106  380s
 1043160 597448    6.98662   63  251    1.40712    9.84915   600%   107  385s
 1054557 603914     cutoff  102         1.40712    9.84292   600%   107  390s
H1060872 606889                       1.4071247    9.83846   599%   107  392s
 1066796 611273    5.68052   49  226    1.40712    9.83485   599%   107  395s
 1078753 618844     cutoff   87         1.40712    9.83062   599%   107  400s
 1091107 626249     cutoff   87         1.40712    9.82339   598%   107  405s
 1105009 634293 infeasible   68         1.40712    9.81643   598%   107  410s
 1116533 641669    4.76899   82  253    1.40712    9.80957   597%   107  415s
 1125812 647532    2.28125   86  218    1.40712    9.80557   597%   107  420s
 1138123 655111 infeasible   78         1.40712    9.79846   596%   108  425s
 1149362 662459    7.47234   58  257    1.40712    9.79424   596%   108  430s
 1161970 670363    2.22758   88  227    1.40712    9.78874   596%   108  435s
 1175157 678204 infeasible   80         1.40712    9.78171   595%   108  440s
 1187050 685773    2.43661   74  228    1.40712    9.77713   595%   108  445s
 1195542 690540    7.97402   58  243    1.40712    9.77145   594%   108  450s
 1206489 697457     cutoff   89         1.40712    9.76747   594%   108  455s
 1218930 705472    9.08704   61  229    1.40712    9.75973   594%   108  460s
 1229690 711300    9.59453   54  255    1.40712    9.75596   593%   108  465s
 1242049 719053 infeasible   65         1.40712    9.74945   593%   108  470s
 1256149 728115    2.32631   73  254    1.40712    9.74419   592%   109  475s
 1268132 735519 infeasible   78         1.40712    9.73879   592%   109  480s
 1282977 743999    2.03763   77  223    1.40712    9.73151   592%   109  485s
 1294563 750911    2.39576   79  287    1.40712    9.72741   591%   109  490s
 1306793 758745    1.57551   85  200    1.40712    9.72256   591%   109  495s
 1319578 766212    7.65837   55  294    1.40712    9.71643   591%   109  500s
 1334064 773870     cutoff   80         1.40712    9.70984   590%   109  505s
 1346092 781014     cutoff   93         1.40712    9.70440   590%   109  510s
 1359848 788853    5.37228   67  244    1.40712    9.69860   589%   109  515s
 1372158 796648 infeasible   68         1.40712    9.69309   589%   109  520s
 1384445 804059    1.57325   86  254    1.40712    9.68673   588%   110  525s
 1396674 810551    1.95760   66  178    1.40712    9.68171   588%   110  530s
 1409368 817570    7.49941   57  239    1.40712    9.67590   588%   110  535s
 1424291 825585    2.30213   78  218    1.40712    9.66960   587%   110  540s
 1432443 830455    8.24545   63  247    1.40712    9.66584   587%   110  546s
 1444221 837274 infeasible   81         1.40712    9.66004   587%   110  550s
 1457029 843933    4.53271   70  270    1.40712    9.65383   586%   110  555s
 1467991 850821     cutoff   81         1.40712    9.64921   586%   110  560s
 1482837 859219    2.28651   75  257    1.40712    9.64290   585%   110  565s
 1493780 865946    3.82232   58  217    1.40712    9.63835   585%   110  570s
 1508903 874434    2.37517   73  254    1.40712    9.63202   585%   110  575s
 1521039 882117    6.75092   71  256    1.40712    9.62704   584%   110  580s
 1533646 889493    1.44599  102  184    1.40712    9.62229   584%   110  585s
 1545826 896728    2.37936   72  244    1.40712    9.61884   584%   111  590s
 1558406 903836    1.90089   73  214    1.40712    9.61385   583%   111  595s
 1567426 909533    1.92953   84  234    1.40712    9.61024   583%   111  600s
 1577075 915762    8.26266   53  236    1.40712    9.60638   583%   111  605s
 1589680 921995    1.51657   87  270    1.40712    9.60186   582%   111  611s
 1599196 928160    8.49705   59  261    1.40712    9.59776   582%   111  615s
 1608457 933644    2.40961   74  236    1.40712    9.59459   582%   111  620s
 1617748 939554    5.51287   71  267    1.40712    9.59187   582%   111  625s
 1627882 945554 infeasible   70         1.40712    9.58653   581%   111  630s
 1637640 950905    2.43359   73  257    1.40712    9.58359   581%   111  635s
 1646948 956492    1.53602   84  234    1.40712    9.57993   581%   111  640s
 1658027 963451 infeasible   82         1.40712    9.57735   581%   111  646s
 1667471 968970    1.46622   93  288    1.40712    9.57439   580%   111  651s
 1674567 972264    2.14152   64  191    1.40712    9.57184   580%   111  656s
 1679919 976443    5.33812   71  248    1.40712    9.57001   580%   111  660s
 1689503 982947    1.86689   78  265    1.40712    9.56765   580%   111  665s
 1700293 988502    1.83807   85  242    1.40712    9.56297   580%   111  670s
 1708707 994317    8.42299   52  239    1.40712    9.56034   579%   111  675s
 1715988 998102    6.59981   74  207    1.40712    9.55876   579%   112  680s
 1725057 1003414    1.67852   76  215    1.40712    9.55527   579%   112  685s
 1735131 1009318    1.93019   84  210    1.40712    9.55287   579%   112  690s
 1746842 1016722     cutoff   81         1.40712    9.54899   579%   112  695s
 1755676 1022644    3.38566   82  241    1.40712    9.54671   578%   112  700s
 1765338 1028194    2.79706   75  246    1.40712    9.54476   578%   112  706s
 1772893 1032261    2.20067   80  249    1.40712    9.54248   578%   112  710s
 1782397 1038991    1.53743   82  194    1.40712    9.54003   578%   112  715s
 1790413 1043146    1.54315   87  191    1.40712    9.53858   578%   112  720s
 1800183 1049155    2.38406   99  234    1.40712    9.53629   578%   112  726s
 1809326 1053885    5.92032   72  210    1.40712    9.53365   578%   112  730s
 1822209 1061288    6.71086   72  273    1.40712    9.52896   577%   112  736s
 1831921 1066790    2.55044   77  211    1.40712    9.52612   577%   112  741s
 1839433 1070895 infeasible   50         1.40712    9.52339   577%   112  745s
 1848656 1075854    2.51292   68  212    1.40712    9.52099   577%   113  750s
 1858742 1082208    7.55116   62  254    1.40712    9.51768   576%   113  755s
 1868966 1088556    1.54993   91  225    1.40712    9.51442   576%   113  760s
 1878833 1094181    1.75389   85  250    1.40712    9.51123   576%   113  765s
 1887806 1099476     cutoff   81         1.40712    9.50805   576%   113  770s
 1894876 1102081    1.65057   82  294    1.40712    9.50649   576%   113  775s
 1901849 1107615     cutoff   88         1.40712    9.50420   575%   113  780s
 1912278 1113129    2.45963   82  254    1.40712    9.50119   575%   113  786s
 1921574 1118442     cutoff   78         1.40712    9.49928   575%   113  790s
 1932039 1124229 infeasible   83         1.40712    9.49600   575%   113  796s
 1941309 1130228    6.77774   58  232    1.40712    9.49336   575%   113  801s
 1948796 1134290    2.81778   78  248    1.40712    9.49157   575%   113  805s
 1959129 1140297    8.82519   60  242    1.40712    9.48876   574%   113  810s
 1968768 1145682    1.46251   75  217    1.40712    9.48530   574%   113  815s
 1978854 1151509    2.82791   77  261    1.40712    9.48235   574%   113  820s
 1987748 1157271    3.44816   80  228    1.40712    9.48042   574%   113  825s
 1997962 1163191    1.48369   85  274    1.40712    9.47827   574%   113  830s
 2007273 1169051    1.46569  102  214    1.40712    9.47418   573%   113  835s
 2016516 1174077    3.06915   59  228    1.40712    9.47175   573%   113  840s
 2026497 1179585    8.86911   53  236    1.40712    9.46938   573%   113  845s
 2035722 1184677 infeasible   77         1.40712    9.46690   573%   113  850s
 2044916 1190296    2.04699   74  220    1.40712    9.46402   573%   113  855s
 2054589 1195587    5.72618   64  232    1.40712    9.46220   572%   114  860s
 2064018 1201032    6.19947   75  225    1.40712    9.45987   572%   114  865s
 2074054 1206645    3.18440   80  278    1.40712    9.45667   572%   114  870s
 2083305 1212278    1.58062   77  212    1.40712    9.45429   572%   114  875s
 2093686 1217435    2.90256   74  195    1.40712    9.45175   572%   114  880s
 2103207 1223498     cutoff   90         1.40712    9.44929   572%   114  885s
 2112792 1229573    2.46802   62  168    1.40712    9.44726   571%   114  890s
 2122269 1235070    8.56083   60  238    1.40712    9.44392   571%   114  895s
 2134628 1242389    2.79855   68  223    1.40712    9.44022   571%   114  900s
 2143935 1247452    2.09415   71  238    1.40712    9.43828   571%   114  905s
 2153912 1253502    2.38189   69  247    1.40712    9.43616   571%   114  910s
 2159364 1256213    1.68582   79  222    1.40712    9.43454   570%   114  915s
 2169246 1261769 infeasible   87         1.40712    9.43150   570%   114  920s
 2179531 1267532    7.81043   55  245    1.40712    9.42889   570%   114  926s
 2188568 1273741    7.60897   60  271    1.40712    9.42664   570%   114  930s
 2198481 1279613    5.18297   61  240    1.40712    9.42427   570%   114  935s
 2208684 1286003    1.69667   81  277    1.40712    9.42144   570%   114  940s
 2219033 1291847    2.06868   80  290    1.40712    9.41782   569%   114  945s
 2228513 1297855    5.01197   60  251    1.40712    9.41613   569%   114  950s
 2238907 1303915     cutoff   75         1.40712    9.41277   569%   114  955s
 2249137 1308843    4.92870   69  218    1.40712    9.41017   569%   114  960s
 2260588 1315276    7.43206   61  218    1.40712    9.40665   569%   114  966s
 2269710 1321051     cutoff   86         1.40712    9.40373   568%   114  970s
 2279109 1326692    1.42982   95  247    1.40712    9.40113   568%   114  976s
 2286317 1329182    1.55175   96  236    1.40712    9.39998   568%   114  980s
 2293573 1334453    1.90488   86  239    1.40712    9.39743   568%   114  985s
 2302502 1340397    6.24215   75  202    1.40712    9.39547   568%   114  990s
 2312856 1346174 infeasible   86         1.40712    9.39287   568%   114  995s
 2325128 1353663    2.32741   73  239    1.40712    9.38847   567%   114 1001s
 2334366 1359068    3.12516   72  235    1.40712    9.38633   567%   114 1005s
 2343725 1364852     cutoff   77         1.40712    9.38432   567%   114 1010s
 2353936 1370921    2.33665   67  192    1.40712    9.38149   567%   114 1015s
 2365819 1377698 infeasible   89         1.40712    9.37892   567%   114 1021s
 2375500 1383590 infeasible   82         1.40712    9.37567   566%   114 1025s
H2384859 1387837                       1.4071301    9.37370   566%   114 1029s
 2385403 1387889     cutoff   82         1.40713    9.37319   566%   114 1030s
 2387862 1390047    1.50160   84  276    1.40713    9.37299   566%   114 1035s
 2398046 1395609    7.05215   62  247    1.40713    9.37006   566%   115 1040s
 2408098 1401330    8.83508   53  239    1.40713    9.36802   566%   115 1045s
 2417156 1406706    7.77430   47  225    1.40713    9.36659   566%   115 1050s
H2418031 1405325                       1.4178106    9.36659   561%   115 1050s
H2420699 1406782                       1.4178276    9.36575   561%   115 1051s
 2427152 1410805    5.47195   68  248    1.41783    9.36318   560%   115 1055s
H2432941 1414327                       1.4178434    9.36207   560%   115 1058s
H2435410 1415387                       1.4178495    9.36162   560%   115 1059s
 2436942 1416520    8.28451   63  251    1.41785    9.36160   560%   115 1060s
H2440205 1418089                       1.4178604    9.36115   560%   115 1062s
H2443604 1419107                       1.4178834    9.36032   560%   115 1063s
H2445100 1420398                       1.4179001    9.35997   560%   115 1064s
 2446100 1422109    8.50915   60  242    1.41790    9.35949   560%   115 1066s
 2455995 1427497    2.45631   60  224    1.41790    9.35799   560%   115 1070s
 2465282 1432799    4.50197   69  233    1.41790    9.35528   560%   115 1075s
 2474545 1438077    1.52331   89  230    1.41790    9.35297   560%   115 1080s
 2483940 1444464    7.98101   62  185    1.41790    9.35074   559%   115 1085s
 2493862 1450174    1.68988   83  241    1.41790    9.34867   559%   115 1090s
 2503421 1456383    1.55721   92  255    1.41790    9.34683   559%   115 1095s
 2513306 1461857    6.14681   62  219    1.41790    9.34501   559%   115 1100s
 2523095 1467317 infeasible   87         1.41790    9.34392   559%   115 1105s
 2533442 1473260    2.17375   76  256    1.41790    9.34106   559%   115 1110s
 2543456 1479382    6.26842   67  237    1.41790    9.33905   559%   115 1115s
H2544895 1479149                       1.4194128    9.33905   558%   115 1115s
H2546462 1480171                       1.4195012    9.33800   558%   115 1116s
 2552946 1484424    3.00757   66  173    1.41950    9.33712   558%   115 1120s
 2563309 1489896    9.24295   60  224    1.41950    9.33397   558%   115 1125s
 2571831 1495234    4.90526   72  273    1.41950    9.33251   557%   115 1130s
H2572755 1495232                       1.4195116    9.33248   557%   115 1130s
H2576783 1497489                       1.4195186    9.33169   557%   115 1132s
 2580889 1499956    9.20669   57  256    1.41952    9.33059   557%   115 1135s
H2581255 1499947                       1.4195507    9.33059   557%   115 1135s
 2590662 1505408 infeasible   84         1.41955    9.32808   557%   115 1140s
H2596081 1508068                       1.4227395    9.32669   556%   115 1142s
 2602516 1511876     cutoff   94         1.42274    9.32522   555%   115 1146s
H2611630 1516222                       1.4227426    9.32359   555%   115 1149s
 2612697 1517232    2.72816   68  203    1.42274    9.32298   555%   115 1151s
H2612743 1517232                       1.4227579    9.32298   555%   115 1151s
H2614308 1518779                       1.4227688    9.32271   555%   115 1152s
 2617078 1518845    6.61598   67  234    1.42277    9.32212   555%   115 1155s
H2617194 1519841                       1.4227723    9.32212   555%   115 1156s
H2622600 1523215                       1.4227723    9.32117   555%   115 1159s
 2624665 1524822    8.90295   51  229    1.42277    9.32047   555%   115 1160s
H2629920 1526663                       1.4227723    9.31961   555%   115 1162s
 2634943 1531134    8.16619   55  250    1.42277    9.31862   555%   115 1165s
 2644915 1536085    2.18803   84  224    1.42277    9.31641   555%   115 1170s
 2653834 1541746    1.68005   80  255    1.42277    9.31472   555%   115 1175s
 2666382 1549144 infeasible   83         1.42277    9.31158   554%   115 1180s
 2675806 1554555    4.26954   75  226    1.42277    9.31013   554%   115 1185s
 2685279 1560258     cutoff   88         1.42277    9.30823   554%   115 1190s
 2694398 1566421    1.82315  109  259    1.42277    9.30590   554%   115 1195s
H2703840 1570243                       1.4227723    9.30389   554%   115 1199s
 2704379 1571491    1.53533   72  159    1.42277    9.30343   554%   115 1200s
 2713986 1577675    1.58994   80  233    1.42277    9.30167   554%   115 1205s
H2720395 1580078                       1.4228531    9.30014   554%   115 1207s
 2723443 1582916    8.44690   55  214    1.42285    9.29905   554%   115 1210s
H2726301 1584292                       1.4228720    9.29838   553%   115 1211s
 2732880 1588099    1.74148   77  185    1.42287    9.29714   553%   115 1215s
H2733892 1588099                       1.4228806    9.29714   553%   115 1215s
 2742424 1593542    3.93792   64  220    1.42288    9.29539   553%   115 1220s
 2751721 1598670    3.76302   73  194    1.42288    9.29396   553%   115 1225s
 2762253 1604882    2.05787   85  216    1.42288    9.29192   553%   115 1230s
 2772272 1610231    1.50682   76  243    1.42288    9.28940   553%   116 1235s
 2782205 1616419    1.46543   83  163    1.42288    9.28706   553%   116 1240s
 2791507 1621806    7.55356   58  234    1.42288    9.28455   553%   116 1245s
 2801177 1627605    8.41643   53  221    1.42288    9.28244   552%   116 1250s
 2810843 1633104    1.68533   85  259    1.42288    9.28071   552%   116 1255s
 2819930 1638601 infeasible   61         1.42288    9.27923   552%   116 1260s
 2828944 1643956    2.49981   65  222    1.42288    9.27747   552%   116 1265s
 2838934 1650040     cutoff   83         1.42288    9.27557   552%   116 1270s
 2847813 1655867    6.63302   58  273    1.42288    9.27412   552%   116 1275s
 2857608 1661501    1.50763   82  235    1.42288    9.27228   552%   116 1280s
 2867534 1667122    5.31198   60  264    1.42288    9.27022   552%   116 1285s
 2877175 1672831    1.90664   75  257    1.42288    9.26806   551%   116 1290s
 2884366 1676361    6.23361   65  203    1.42288    9.26647   551%   116 1296s
 2890712 1681143    2.96157   50  218    1.42288    9.26546   551%   116 1301s
 2897624 1685040    7.17374   61  229    1.42288    9.26458   551%   116 1305s
 2909976 1692093    7.60736   61  269    1.42288    9.26198   551%   116 1311s
 2917712 1696522    1.97041   89  270    1.42288    9.26049   551%   116 1315s
 2929299 1703535    1.46218  106  243    1.42288    9.25869   551%   116 1321s
 2938430 1708948     cutoff   71         1.42288    9.25701   551%   116 1325s
H2942319 1710056                       1.4230716    9.25602   550%   116 1327s
H2944347 1711618                       1.4230876    9.25564   550%   116 1328s
 2948011 1713804    2.49806   73  261    1.42309    9.25476   550%   116 1330s
H2949015 1713799                       1.4231287    9.25476   550%   116 1330s
 2957251 1719675     cutoff  105         1.42313    9.25329   550%   116 1336s
H2960304 1719668                       1.4231622    9.25301   550%   116 1336s
H2964370 1722513                       1.4231736    9.25220   550%   116 1339s
 2964653 1724094    2.78753   71  206    1.42317    9.25200   550%   116 1340s
 2974575 1729812    7.79971   59  220    1.42317    9.24953   550%   116 1345s
 2984220 1734975    7.41464   61  221    1.42317    9.24764   550%   116 1350s
 2993212 1740837    6.49735   72  190    1.42317    9.24565   550%   116 1355s
H2994327 1740831                       1.4231906    9.24563   550%   116 1355s
 3002215 1746456    1.97973   80  194    1.42319    9.24465   550%   116 1361s
 3009857 1749690 infeasible   79         1.42319    9.24312   549%   116 1366s
 3016485 1754497 infeasible   91         1.42319    9.24166   549%   116 1370s
 3026086 1759814    7.55604   60  213    1.42319    9.24018   549%   116 1375s
 3035918 1764748    1.56451   76  204    1.42319    9.23846   549%   116 1380s
 3045217 1770451    2.17578   80  234    1.42319    9.23630   549%   116 1385s
 3054147 1776164    1.59176   89  198    1.42319    9.23483   549%   116 1390s
 3064449 1781629    6.94296   72  222    1.42319    9.23275   549%   116 1395s
 3072909 1787483     cutoff   77         1.42319    9.23155   549%   116 1400s
 3085123 1794705     cutoff   84         1.42319    9.22860   548%   116 1406s
 3095235 1800763    7.69202   57  259    1.42319    9.22695   548%   116 1410s
 3105507 1806849    1.44834   84  239    1.42319    9.22525   548%   116 1415s
 3112553 1816144     cutoff  108         1.42319    9.22439   548%   116 1424s
 3123118 1817754    7.62345   47  237    1.42319    9.22334   548%   116 1426s
 3131810 1822789    3.94260   73  232    1.42319    9.22065   548%   116 1431s
 3139865 1827525     cutoff   69         1.42319    9.21878   548%   117 1435s
 3149933 1834052    4.38007   66  245    1.42319    9.21763   548%   117 1440s
 3160504 1840171    6.29838   69  222    1.42319    9.21527   548%   117 1445s
 3169966 1845981    1.69132   90  231    1.42319    9.21331   547%   117 1450s
 3180007 1851399    7.47415   54  221    1.42319    9.21190   547%   117 1455s
 3192136 1858484    2.95475   62  216    1.42319    9.20966   547%   117 1460s
 3201837 1864325    1.95916   76  250    1.42319    9.20792   547%   117 1466s
 3209560 1869110    1.84682   75  262    1.42319    9.20704   547%   117 1470s
 3222103 1876188    2.73441   78  249    1.42319    9.20412   547%   117 1475s
 3231872 1881759    1.57395   73  172    1.42319    9.20259   547%   117 1480s
 3241233 1886843    2.90287   88  237    1.42319    9.20102   547%   117 1485s
 3251315 1892969    1.69777   81  269    1.42319    9.19904   546%   117 1491s
 3260533 1898885 infeasible  104         1.42319    9.19779   546%   117 1495s
 3270138 1904031    5.58675   58  178    1.42319    9.19572   546%   117 1500s
 3279996 1909183    2.81830   87  248    1.42319    9.19344   546%   117 1505s
 3292065 1915856 infeasible   90         1.42319    9.19100   546%   117 1511s
 3300935 1921698    2.96689   78  247    1.42319    9.18928   546%   117 1515s
 3310910 1927285     cutoff   81         1.42319    9.18754   546%   117 1520s
 3320099 1932512    4.18071   59  204    1.42319    9.18654   545%   117 1525s
 3328649 1938135     cutoff   71         1.42319    9.18500   545%   117 1530s
 3339205 1944388    2.10157   80  229    1.42319    9.18330   545%   117 1535s
 3350082 1950185    3.09586   70  238    1.42319    9.18107   545%   117 1540s
 3359221 1956469    1.93878   79  247    1.42319    9.17980   545%   117 1545s
 3369262 1961065    2.95094   73  206    1.42319    9.17818   545%   117 1550s
 3375233 1964950    1.79955   91  265    1.42319    9.17662   545%   117 1555s
 3384375 1970341     cutoff   82         1.42319    9.17528   545%   117 1560s
 3394208 1975540     cutoff   74         1.42319    9.17348   545%   117 1565s
 3403262 1981217    5.58122   58  190    1.42319    9.17219   544%   117 1570s
 3412785 1987321     cutoff   61         1.42319    9.17056   544%   117 1575s
 3423108 1993246    4.27954   76  211    1.42319    9.16875   544%   117 1580s
 3433744 1998906    5.36679   73  288    1.42319    9.16722   544%   117 1585s
 3443147 2004688    2.09071   81  232    1.42319    9.16514   544%   117 1590s
 3452648 2010283    7.85456   63  262    1.42319    9.16384   544%   117 1595s
 3461985 2015536    1.93207   82  247    1.42319    9.16197   544%   117 1600s
 3474960 2022394 infeasible   74         1.42319    9.15950   544%   117 1606s
 3483953 2027158     cutoff   87         1.42319    9.15788   543%   117 1610s
 3493642 2032136 infeasible   80         1.42319    9.15606   543%   117 1615s
 3502676 2038324 infeasible   80         1.42319    9.15499   543%   117 1621s
 3512974 2043727    3.34847   78  274    1.42319    9.15301   543%   117 1625s
 3521755 2049315 infeasible   53         1.42319    9.15175   543%   117 1631s
 3531883 2054707 infeasible   74         1.42319    9.14962   543%   117 1635s
 3541653 2059947     cutoff   77         1.42319    9.14789   543%   117 1640s
 3550887 2064664    6.64753   67  218    1.42319    9.14688   543%   117 1645s
 3560940 2071120    6.62658   66  198    1.42319    9.14532   543%   117 1650s
 3571247 2075511    1.56809   70  235    1.42319    9.14353   542%   117 1655s
 3583673 2082773    2.19188   77  256    1.42319    9.14105   542%   117 1661s
 3592706 2088128    7.51201   61  253    1.42319    9.13989   542%   117 1665s
 3595870 2089881    6.94682   69  231    1.42319    9.13956   542%   117 1670s
 3605426 2096168 infeasible   80         1.42319    9.13779   542%   117 1675s
 3615455 2102098    5.65798   67  224    1.42319    9.13676   542%   117 1681s
 3625788 2107900    1.84894   87  218    1.42319    9.13450   542%   117 1685s
 3635179 2113654    1.56770   81  209    1.42319    9.13291   542%   117 1690s
 3645503 2119370    2.09380   78  237    1.42319    9.13114   542%   117 1695s
 3655253 2125364    6.90113   61  261    1.42319    9.12936   541%   118 1700s
 3665384 2129678    7.34770   57  206    1.42319    9.12815   541%   118 1705s
 3665427 2143667    5.99870   58  206    1.42319    9.12815   541%   118 1717s
 3692786 2146530    1.89496   77  258    1.42319    9.12278   541%   118 1720s
 3705197 2153797    8.97257   52  227    1.42319    9.12079   541%   118 1725s
 3716890 2160807    2.81007   70  234    1.42319    9.11935   541%   118 1730s
 3726099 2166442 infeasible   69         1.42319    9.11819   541%   118 1735s
 3736325 2172768    1.72092   72  233    1.42319    9.11702   541%   118 1740s
 3746470 2178662    3.13979   80  209    1.42319    9.11520   540%   118 1745s
 3756174 2184513    4.62308   84  233    1.42319    9.11343   540%   118 1750s
 3766247 2190450    7.46571   58  273    1.42319    9.11138   540%   118 1755s
 3775584 2196416     cutoff   90         1.42319    9.11017   540%   118 1761s
 3785574 2202347    8.49164   57  279    1.42319    9.10847   540%   118 1766s
 3793742 2206701     cutoff   98         1.42319    9.10734   540%   118 1770s
 3803842 2212903    7.85512   70  212    1.42319    9.10587   540%   118 1775s
 3811180 2216955     cutoff   77         1.42319    9.10450   540%   118 1780s
 3821559 2221344    8.78496   58  190    1.42319    9.10281   540%   118 1785s
 3821598 2235561    8.78496   59  194    1.42319    9.10276   540%   118 1798s
 3845598 2237659     cutoff   76         1.42319    9.09983   539%   118 1800s
 3856211 2243368 infeasible   71         1.42319    9.09781   539%   118 1805s
 3868977 2250583     cutoff   93         1.42319    9.09568   539%   118 1810s
 3877570 2255933     cutoff   66         1.42319    9.09422   539%   118 1815s
 3887483 2261351    7.13775   67  202    1.42319    9.09254   539%   118 1820s
 3897234 2266885    4.75684   69  230    1.42319    9.09089   539%   118 1825s
 3906802 2272313    1.70662   92  259    1.42319    9.08922   539%   118 1830s
 3915146 2277122    1.57443   69  264    1.42319    9.08836   539%   118 1835s
 3924724 2282242    5.70675   63  245    1.42319    9.08720   539%   118 1841s
 3932161 2286456     cutoff   73         1.42319    9.08599   538%   118 1845s
 3942250 2291825 infeasible   82         1.42319    9.08459   538%   118 1850s
 3951650 2297732    4.57447   68  219    1.42319    9.08292   538%   118 1855s
 3961244 2303449    8.42697   61  183    1.42319    9.08150   538%   118 1860s
 3971493 2309442    4.32379   62  246    1.42319    9.07966   538%   118 1865s
 3983244 2316270    2.64664   90  267    1.42319    9.07788   538%   118 1871s
 3992767 2321638    5.08598   66  225    1.42319    9.07588   538%   118 1875s
 4001823 2327415    8.29985   60  249    1.42319    9.07466   538%   118 1880s
 4011693 2333137    4.40228   58  232    1.42319    9.07282   537%   118 1885s
 4021888 2338728 infeasible   82         1.42319    9.07104   537%   118 1891s
 4031914 2344582    6.57162   59  213    1.42319    9.06954   537%   118 1896s
 4042172 2351175    1.99517   70  237    1.42319    9.06759   537%   118 1900s
 4051552 2356739    6.82777   69  243    1.42319    9.06653   537%   118 1905s
 4061013 2361962     cutoff   63         1.42319    9.06499   537%   118 1910s
 4068297 2364501    6.96000   62  246    1.42319    9.06416   537%   118 1915s
 4074739 2369889    8.53232   60  205    1.42319    9.06309   537%   118 1920s
 4084878 2375567    2.13720   69  228    1.42319    9.06185   537%   118 1925s
 4095051 2381482     cutoff   94         1.42319    9.06008   537%   118 1930s
 4103946 2386807    3.80506   94  228    1.42319    9.05904   537%   119 1935s
 4113320 2393200    6.91108   61  243    1.42319    9.05805   536%   119 1940s
 4124431 2399383    8.29948   55  243    1.42319    9.05640   536%   119 1945s
 4134189 2405017    3.67599   71  222    1.42319    9.05480   536%   119 1950s
 4146656 2411378    2.09252   68  240    1.42319    9.05318   536%   119 1955s
 4155523 2416977    8.44478   55  213    1.42319    9.05181   536%   119 1960s
 4165313 2422794    3.78236   75  194    1.42319    9.04999   536%   119 1965s
 4175013 2427537    4.60210   71  276    1.42319    9.04862   536%   119 1970s
 4184330 2433065     cutoff   88         1.42319    9.04716   536%   119 1975s
 4197233 2440579    1.44056   87  290    1.42319    9.04505   536%   119 1981s
 4207086 2445874    3.99175   58  180    1.42319    9.04406   535%   119 1985s
 4216794 2451016     cutoff   88         1.42319    9.04277   535%   119 1990s
 4226515 2456976    1.74960   79  270    1.42319    9.04154   535%   119 1995s
 4238618 2464209    6.79490   65  281    1.42319    9.03924   535%   119 2000s
 4249645 2470952    7.65115   59  259    1.42319    9.03843   535%   119 2005s
 4260593 2476821    2.25258   63  201    1.42319    9.03705   535%   119 2010s
 4267530 2479902    1.57357   80  245    1.42319    9.03578   535%   119 2015s
 4277413 2486921     cutoff   72         1.42319    9.03492   535%   119 2020s
 4289388 2493655    1.76705   64  166    1.42319    9.03342   535%   119 2025s
 4301698 2500017    4.42758   70  177    1.42319    9.03124   535%   119 2030s
 4311009 2505997    5.25938   70  242    1.42319    9.03013   534%   119 2035s
 4321103 2511272    7.28750   61  255    1.42319    9.02861   534%   119 2040s
 4331710 2518345    6.25595   60  224    1.42319    9.02708   534%   119 2045s
 4344252 2525244    7.33550   63  265    1.42319    9.02562   534%   119 2050s
 4359261 2534046    2.44031   66  231    1.42319    9.02279   534%   119 2055s
 4371231 2540877    1.57903   82  228    1.42319    9.02088   534%   119 2060s
 4382915 2547821    6.36403   70  244    1.42319    9.01921   534%   119 2065s
 4397045 2556146     cutoff   74         1.42319    9.01760   534%   119 2070s
 4407033 2561345    1.86506   69  194    1.42319    9.01607   534%   119 2075s
 4420596 2569431    1.55022   80  180    1.42319    9.01447   533%   119 2080s
 4432333 2575972    3.28118   71  245    1.42319    9.01347   533%   119 2085s
 4444991 2582878    4.87776   76  284    1.42319    9.01125   533%   119 2090s
 4457813 2589824    6.26202   63  199    1.42319    9.00937   533%   119 2095s
 4471227 2598065    2.47246   62  205    1.42319    9.00707   533%   119 2100s
 4483444 2605417    1.67299  115  254    1.42319    9.00573   533%   119 2105s
 4494915 2612866    5.26675   69  280    1.42319    9.00450   533%   119 2110s
 4500284 2615670    2.04270   85  213    1.42319    9.00370   533%   119 2115s
 4515156 2624162     cutoff   91         1.42319    9.00165   532%   119 2120s
 4525970 2630687    7.55148   63  209    1.42319    9.00029   532%   119 2126s
 4534590 2635899    1.43456   92  210    1.42319    8.99961   532%   119 2130s
 4547641 2643309    2.82245   77  220    1.42319    8.99794   532%   119 2135s
 4559850 2649510    3.33738   72  212    1.42319    8.99632   532%   119 2140s
 4573772 2657359    6.91830   67  238    1.42319    8.99382   532%   119 2145s
 4585725 2664433    3.67621   57  229    1.42319    8.99266   532%   119 2150s
 4597939 2672298    2.30122   86  232    1.42319    8.99092   532%   119 2155s
 4610350 2679595    2.63999   74  204    1.42319    8.98937   532%   119 2160s
 4622919 2686520    1.63718   97  280    1.42319    8.98771   532%   119 2165s
 4634953 2693524    7.59152   55  197    1.42319    8.98599   531%   119 2170s
 4647262 2701022    5.76607   64  246    1.42319    8.98472   531%   119 2175s
 4659037 2708541    1.98485   82  244    1.42319    8.98340   531%   119 2180s
 4670917 2715554    4.98156   68  203    1.42319    8.98159   531%   119 2185s
 4683438 2722803    1.56005   82  240    1.42319    8.97995   531%   119 2190s
 4698049 2731533    4.61904   72  262    1.42319    8.97782   531%   119 2195s
 4709661 2738543    3.67242   72  251    1.42319    8.97611   531%   119 2200s
 4721972 2745731    1.95883   87  215    1.42319    8.97447   531%   119 2205s
 4734884 2752419    1.84584   87  294    1.42319    8.97259   530%   119 2210s
 4747090 2759579     cutoff   91         1.42319    8.97147   530%   119 2215s
 4752928 2763165    3.93765   66  231    1.42319    8.97117   530%   119 2220s
 4764398 2769330    1.71796   83  197    1.42319    8.96978   530%   119 2225s
 4779907 2778815    3.14888   64  235    1.42319    8.96767   530%   119 2230s
 4792295 2785196    1.78368   82  230    1.42319    8.96590   530%   119 2235s
 4804551 2792386    2.51607   70  237    1.42319    8.96463   530%   119 2240s
 4818867 2800919    3.47002   70  245    1.42319    8.96230   530%   119 2245s
 4830076 2808385    3.19567   80  238    1.42319    8.96126   530%   119 2250s
 4842177 2815506    7.02341   68  269    1.42319    8.95968   530%   119 2255s
 4854258 2822516    6.82269   66  223    1.42319    8.95834   529%   119 2260s
 4866283 2830672    3.76851   64  226    1.42319    8.95717   529%   119 2265s
 4878191 2838192    6.44353   63  236    1.42319    8.95616   529%   119 2270s
 4889892 2844840     cutoff   61         1.42319    8.95488   529%   119 2275s
 4904793 2853630    6.44984   66  238    1.42319    8.95302   529%   119 2280s
 4916353 2860385    2.39813   78  215    1.42319    8.95166   529%   119 2285s
 4930288 2868466    7.91776   60  226    1.42319    8.95033   529%   119 2290s
 4941758 2874979    8.30011   59  222    1.42319    8.94865   529%   120 2295s
 4952812 2881775 infeasible   91         1.42319    8.94799   529%   120 2300s
 4967164 2890455     cutoff   87         1.42319    8.94600   529%   120 2305s
 4978456 2897009    2.12887   82  192    1.42319    8.94494   529%   120 2310s
 4981285 2898329    4.46708   57  236    1.42319    8.94457   528%   120 2315s
 4992376 2905616     cutoff   67         1.42319    8.94314   528%   120 2321s
 5002961 2911070    6.57652   64  230    1.42319    8.94176   528%   120 2325s
 5015842 2918538    1.63408   77  232    1.42319    8.94015   528%   120 2330s
 5028038 2925281 infeasible   60         1.42319    8.93872   528%   120 2335s
 5040250 2932389    1.44851  104  199    1.42319    8.93728   528%   120 2340s
 5050277 2937750    2.14835   76  241    1.42319    8.93624   528%   120 2345s
 5062751 2944917    2.42725   72  249    1.42319    8.93449   528%   120 2350s
 5074417 2952088    7.41109   67  238    1.42319    8.93326   528%   120 2355s
 5088885 2960626    3.92364   70  254    1.42319    8.93182   528%   120 2360s
 5100823 2967157    5.23980   70  253    1.42319    8.93048   527%   120 2365s
 5114937 2975547    2.72260   66  234    1.42319    8.92874   527%   120 2371s
 5124684 2981390    2.54146   68  242    1.42319    8.92788   527%   120 2375s
 5137186 2988585    6.91644   63  248    1.42319    8.92631   527%   120 2380s
 5149875 2995634    7.14859   70  248    1.42319    8.92466   527%   120 2385s
 5161858 3002318    3.41334   65  214    1.42319    8.92312   527%   120 2390s
 5174577 3009416    4.50997   60  277    1.42319    8.92173   527%   120 2395s
 5186748 3017110 infeasible   76         1.42319    8.92034   527%   120 2400s
 5198631 3024179    2.06686   89  262    1.42319    8.91894   527%   120 2405s
 5210767 3032013    1.83356   90  228    1.42319    8.91775   527%   120 2410s
 5216104 3034451    4.72884   64  249    1.42319    8.91690   527%   120 2415s
 5227460 3041328     cutoff   85         1.42319    8.91541   526%   120 2420s
 5241582 3049491 infeasible   90         1.42319    8.91378   526%   120 2425s
 5253858 3055954    4.61022   61  230    1.42319    8.91195   526%   120 2430s
 5265549 3062981    1.59191   92  213    1.42319    8.91051   526%   120 2435s
 5277874 3071213    1.79576   92  165    1.42319    8.90913   526%   120 2440s
 5290826 3078899    1.68391   72  242    1.42319    8.90776   526%   120 2445s
 5303191 3085956    8.36334   59  272    1.42319    8.90628   526%   120 2450s
 5315543 3092968    7.01960   62  239    1.42319    8.90504   526%   120 2455s
 5327888 3099974 infeasible   77         1.42319    8.90321   526%   120 2460s
 5341791 3108336    3.36963   77  265    1.42319    8.90137   525%   120 2465s
 5352876 3115108 infeasible  100         1.42319    8.90053   525%   120 2470s
 5365242 3121561    1.44605   94  182    1.42319    8.89898   525%   120 2475s
 5377361 3128293    7.07155   65  264    1.42319    8.89753   525%   120 2480s
 5388383 3134614    3.94249   55  220    1.42319    8.89674   525%   120 2485s
 5401213 3142591    7.30999   62  230    1.42319    8.89514   525%   120 2490s
 5413784 3148804    1.79840   94  286    1.42319    8.89386   525%   120 2495s
 5425518 3155675    5.62498   64  183    1.42319    8.89251   525%   120 2500s
 5438049 3162638    3.48994   72  229    1.42319    8.89101   525%   120 2505s
 5448655 3169136    3.58018   65  254    1.42319    8.88989   525%   120 2510s
 5458467 3187330    1.86447   95  212    1.42319    8.88901   525%   120 2526s
 5490318 3193619    1.73587   71  239    1.42319    8.88541   524%   120 2530s
 5505196 3201703    1.52313   80  166    1.42319    8.88407   524%   120 2535s
 5517406 3207712 infeasible   82         1.42319    8.88257   524%   120 2540s
 5528288 3214359     cutoff   76         1.42319    8.88138   524%   120 2546s
 5539467 3220459    1.53664  101  233    1.42319    8.87993   524%   120 2550s
 5551890 3227645     cutoff   93         1.42319    8.87862   524%   120 2555s
 5564163 3234700     cutoff  105         1.42319    8.87726   524%   120 2560s
 5578781 3243577    5.99188   74  217    1.42319    8.87577   524%   120 2565s
 5590527 3250340    2.17662   64  181    1.42319    8.87436   524%   120 2570s
 5602144 3257728    1.84467   84  267    1.42319    8.87336   523%   120 2575s
 5611765 3263868    4.99522   68  232    1.42319    8.87250   523%   120 2580s
 5625232 3271550    7.89356   61  280    1.42319    8.87109   523%   120 2585s
H5626227 3271548                       1.4231919    8.87108   523%   120 2585s
 5638281 3279150 infeasible   92         1.42319    8.86967   523%   120 2590s
 5643183 3294348 infeasible   88         1.42319    8.86899   523%   120 2603s
 5667183 3295773    4.36783   76  236    1.42319    8.86764   523%   120 2605s
 5677538 3301269    4.68453   73  247    1.42319    8.86558   523%   120 2610s
 5689926 3308190    5.09218   62  203    1.42319    8.86387   523%   120 2615s
 5702604 3314927    1.65820  101  169    1.42319    8.86270   523%   120 2620s
 5707714 3317597    3.21670   71  226    1.42319    8.86202   523%   120 2625s
 5717445 3323456    2.51094   69  215    1.42319    8.86086   523%   120 2630s
 5729568 3330556    5.01718   66  241    1.42319    8.85991   523%   120 2635s
 5741547 3337534    5.41437   58  255    1.42319    8.85850   522%   120 2640s
 5751389 3343230 infeasible   95         1.42319    8.85740   522%   120 2645s
 5763284 3349844    1.50055   94  190    1.42319    8.85617   522%   120 2650s
 5772700 3355963    5.45512   79  270    1.42319    8.85511   522%   120 2655s
 5785214 3363086 infeasible   83         1.42319    8.85374   522%   120 2660s
 5797542 3370049     cutoff   83         1.42319    8.85231   522%   120 2665s
 5808792 3377103    6.96081   62  231    1.42319    8.85118   522%   120 2670s
 5818974 3383126    7.05488   59  204    1.42319    8.84991   522%   120 2675s
 5830364 3390011     cutoff   86         1.42319    8.84887   522%   120 2680s
 5843193 3397068    1.81776   83  235    1.42319    8.84771   522%   120 2685s
 5856184 3404267    4.07135   54  199    1.42319    8.84626   522%   120 2690s
 5868205 3411719    1.81352   78  256    1.42319    8.84493   521%   120 2696s
 5877829 3417819     cutoff   95         1.42319    8.84399   521%   120 2700s
 5890214 3425021    4.04176   72  268    1.42319    8.84258   521%   120 2706s
 5900493 3431152    1.45416  104  236    1.42319    8.84164   521%   120 2710s
 5912053 3438006    1.45396   95  217    1.42319    8.84060   521%   120 2715s
 5921768 3443468     cutoff   69         1.42319    8.83930   521%   120 2720s
 5933149 3449730     cutoff   76         1.42319    8.83858   521%   120 2725s
 5945512 3456093    1.81231   83  251    1.42319    8.83717   521%   120 2730s
 5954655 3461512    2.40999   69  250    1.42319    8.83637   521%   120 2735s
 5964222 3466004     cutoff   82         1.42319    8.83521   521%   120 2740s
 5973564 3472255    2.26514   85  264    1.42319    8.83428   521%   120 2745s
 5986249 3479214    1.70403   67  249    1.42319    8.83306   521%   120 2750s
 5995752 3485335    7.83798   64  223    1.42319    8.83206   521%   120 2755s
 6008456 3491588 infeasible   75         1.42319    8.83062   520%   120 2760s
 6021109 3499172    5.98261   72  227    1.42319    8.82926   520%   120 2765s
 6032777 3504959    5.52432   59  236    1.42319    8.82805   520%   120 2770s
 6042067 3510726    1.93771   81  226    1.42319    8.82713   520%   120 2775s
 6054887 3517270 infeasible   96         1.42319    8.82587   520%   120 2780s
 6067166 3524177    5.97633   54  182    1.42319    8.82453   520%   120 2785s
 6077206 3530188    5.14336   70  256    1.42319    8.82373   520%   121 2790s
 6089341 3536658    8.41908   56  247    1.42319    8.82218   520%   121 2795s
 6101115 3543396    1.69631   82  212    1.42319    8.82078   520%   121 2800s
 6112566 3550342    2.98237   62  229    1.42319    8.81950   520%   121 2805s
 6125017 3557568    2.51577   66  262    1.42319    8.81841   520%   121 2810s
 6136702 3565030    1.50768   78  161    1.42319    8.81739   520%   121 2815s
 6146078 3570579    2.11501   89  266    1.42319    8.81646   519%   121 2820s
 6159739 3578821    4.20668   64  253    1.42319    8.81541   519%   121 2825s
 6170090 3583337    1.66166   85  233    1.42319    8.81448   519%   121 2830s
 6184508 3591577    8.76843   53  231    1.42319    8.81278   519%   121 2835s
 6195804 3598369    2.27867   82  195    1.42319    8.81179   519%   121 2840s
 6202864 3602708     cutoff   66         1.42319    8.81132   519%   121 2846s
 6213557 3608731    2.22481   79  229    1.42319    8.81019   519%   121 2850s
 6225466 3616140    7.74000   58  255    1.42319    8.80904   519%   121 2855s
 6235978 3621348     cutoff   87         1.42319    8.80797   519%   121 2860s
 6248614 3627896    2.08823   90  257    1.42319    8.80675   519%   121 2865s
 6261446 3635636    2.38647   73  195    1.42319    8.80555   519%   121 2871s
 6271180 3641062    4.60791   70  259    1.42319    8.80455   519%   121 2875s
 6283527 3647765    1.45572   95  234    1.42319    8.80349   519%   121 2881s
 6293120 3653498    2.02272   87  224    1.42319    8.80252   519%   121 2885s
 6305154 3660685    2.23126   69  270    1.42319    8.80137   518%   121 2890s
 6311587 3664496    1.43592   81  172    1.42319    8.80082   518%   121 2895s
 6324813 3672580    2.47066   72  220    1.42319    8.79915   518%   121 2900s
 6334571 3678935    2.04211   77  235    1.42319    8.79835   518%   121 2905s
 6346615 3685450    6.29353   61  221    1.42319    8.79771   518%   121 2910s
 6357195 3691211    7.30303   67  243    1.42319    8.79640   518%   121 2915s
 6369878 3698389    6.51202   57  227    1.42319    8.79485   518%   121 2920s
 6382303 3704681    2.66172   71  252    1.42319    8.79375   518%   121 2925s
 6393996 3711607    2.24442   86  264    1.42319    8.79239   518%   121 2930s
 6408642 3720244    6.72764   70  296    1.42319    8.79096   518%   121 2935s
 6420291 3727215    4.68947   71  242    1.42319    8.78979   518%   121 2940s
 6429605 3731669 infeasible   77         1.42319    8.78882   518%   121 2945s
 6439871 3735699    2.58393   65  235    1.42319    8.78805   517%   121 2950s
 6447874 3741384    4.53699   75  243    1.42319    8.78723   517%   121 2955s
 6460586 3747455     cutoff   75         1.42319    8.78615   517%   121 2960s
 6471981 3753578    2.13358   82  251    1.42319    8.78519   517%   121 2965s
 6481627 3759145    6.57415   67  236    1.42319    8.78428   517%   121 2970s
 6494602 3767030    8.70832   58  243    1.42319    8.78280   517%   121 2975s
 6506568 3773914     cutoff   88         1.42319    8.78158   517%   121 2980s
 6518107 3781220    6.55573   64  241    1.42319    8.78057   517%   121 2985s
 6530168 3788455    7.24371   69  271    1.42319    8.77916   517%   121 2990s
 6542349 3795342    5.49161   60  217    1.42319    8.77796   517%   121 2995s
 6554390 3802465    3.03499   67  209    1.42319    8.77707   517%   121 3000s
 6566157 3809185    1.90633   86  267    1.42319    8.77596   517%   121 3005s
 6578187 3816347    6.02277   67  252    1.42319    8.77484   517%   121 3010s
 6589718 3823392    3.72044   63  225    1.42319    8.77377   516%   121 3015s
 6602541 3830395    1.93668   90  220    1.42319    8.77228   516%   121 3020s
 6613939 3836880     cutoff   87         1.42319    8.77125   516%   121 3025s
 6625925 3843537    1.94940   93  231    1.42319    8.77011   516%   121 3030s
 6637800 3849599    1.89705   85  223    1.42319    8.76897   516%   121 3035s
 6650165 3855914 infeasible   88         1.42319    8.76772   516%   121 3040s
 6661753 3862673    8.02804   58  231    1.42319    8.76672   516%   121 3045s
 6674317 3869668     cutoff   89         1.42319    8.76565   516%   121 3050s
 6686665 3876000     cutoff   79         1.42319    8.76452   516%   121 3055s
 6698879 3881393    2.99760   73  232    1.42319    8.76334   516%   121 3061s
 6705032 3886550    4.55256   69  218    1.42319    8.76273   516%   121 3066s
 6715933 3892634     cutoff   74         1.42319    8.76161   516%   121 3070s
 6727825 3899609    7.33613   69  251    1.42319    8.76049   516%   121 3075s
 6740101 3906494    2.49065   85  248    1.42319    8.75954   515%   121 3080s
 6752715 3912366     cutoff   70         1.42319    8.75828   515%   121 3085s
 6764035 3919692    1.78622   85  264    1.42319    8.75741   515%   121 3090s
 6775830 3926339    2.33240   68  289    1.42319    8.75624   515%   121 3095s
 6787711 3933156    6.84213   75  247    1.42319    8.75512   515%   121 3100s
 6798772 3939520    1.83115   95  237    1.42319    8.75451   515%   121 3105s
H6799716 3939520                       1.4231931    8.75447   515%   121 3105s
 6811571 3946483    1.44721   86  225    1.42319    8.75364   515%   121 3110s
H6822135 3951756                       1.4231966    8.75244   515%   121 3115s
 6832648 3958681    1.70727   75  268    1.42320    8.75191   515%   121 3120s
 6845185 3966108    2.96620   54  190    1.42320    8.75085   515%   121 3125s
 6857963 3972943    8.05906   64  263    1.42320    8.74978   515%   121 3130s
 6868745 3978969 infeasible   93         1.42320    8.74894   515%   121 3135s
H6871024 3978967                       1.4231986    8.74885   515%   121 3135s
 6880850 3985890    1.43333   99  176    1.42320    8.74789   515%   121 3140s
 6892735 3992928    1.57384   70  223    1.42320    8.74708   515%   121 3145s
 6905131 4000313    4.51179   83  257    1.42320    8.74616   515%   121 3150s
 6916854 4007778    3.59094   66  217    1.42320    8.74503   514%   121 3155s
 6929226 4015047    7.42286   72  263    1.42320    8.74436   514%   121 3160s
 6938249 4021118    3.70352   59  209    1.42320    8.74381   514%   121 3165s
 6950965 4028477    7.06141   62  289    1.42320    8.74282   514%   121 3170s
H6953531 4028452                       1.4232566    8.74275   514%   121 3170s
 6955935 4031336    7.45181   63  239    1.42326    8.74230   514%   121 3175s
 6969320 4038792    5.30989   55  220    1.42326    8.74126   514%   121 3180s
H6975875 4041660                       1.4237409    8.74086   514%   121 3183s
H6976217 4042565                       1.4237656    8.74081   514%   121 3184s
H6977386 4042565                       1.4237674    8.74081   514%   121 3184s
 6977880 4043628 infeasible   82         1.42377    8.74078   514%   121 3185s
H6978171 4043624                       1.4237972    8.74075   514%   121 3186s
H6978344 4043594                       1.4238536    8.74075   514%   121 3186s
H6981563 4044851                       1.4238685    8.74055   514%   121 3187s
H6982534 4045821                       1.4238922    8.74042   514%   121 3189s
 6984689 4047322    3.03461   74  243    1.42389    8.74017   514%   121 3190s
 6996561 4054445 infeasible   85         1.42389    8.73908   514%   121 3195s
H6999805 4028842                       1.4693833    8.73868   495%   121 3197s
H7001677 4030123                       1.4693859    8.73852   495%   121 3199s
 7002906 4031349    7.11677   66  247    1.46939    8.73849   495%   121 3200s
H7003088 4031348                       1.4693927    8.73849   495%   121 3200s
H7003420 4031337                       1.4694014    8.73849   495%   121 3200s
H7003984 4031334                       1.4694121    8.73849   495%   121 3200s
H7005616 4032422                       1.4694292    8.73833   495%   121 3202s
H7010461 4034854                       1.4694797    8.73798   495%   121 3204s
 7012410 4035971    7.87626   56  211    1.46948    8.73778   495%   121 3206s
H7015319 4037708                       1.4694817    8.73752   495%   121 3207s
H7016384 4037707                       1.4694846    8.73749   495%   121 3207s
 7022248 4041257    2.74393   79  226    1.46948    8.73711   495%   121 3210s
H7029449 4045885                       1.4694884    8.73657   495%   121 3214s
H7030330 4045878                       1.4694995    8.73657   495%   121 3214s
 7031532 4047391    3.97501   68  230    1.46950    8.73647   495%   121 3215s
H7042094 4051315                       1.4695114    8.73562   494%   121 3219s
 7042156 4052493    1.57802   77  222    1.46951    8.73561   494%   121 3220s
H7044995 4053975                       1.4695249    8.73521   494%   121 3221s
 7054141 4059228    1.59714  100  212    1.46952    8.73437   494%   121 3225s
H7060929 4061384                       1.4695417    8.73386   494%   121 3228s
 7063756 4063774 infeasible   70         1.46954    8.73371   494%   121 3230s
 7076171 4070896 infeasible   80         1.46954    8.73246   494%   121 3235s
 7087450 4078176    3.00478   86  196    1.46954    8.73158   494%   121 3240s
 7100131 4085025     cutoff   74         1.46954    8.73068   494%   121 3245s
H7105853 4087919                       1.4695547    8.73008   494%   121 3247s
 7109690 4090561    2.04698   79  231    1.46955    8.72978   494%   121 3250s
 7122187 4097720    1.65856   80  260    1.46955    8.72886   494%   121 3255s
 7133646 4104399    8.72361   59  246    1.46955    8.72783   494%   121 3260s
 7145961 4111844    1.75020   72  205    1.46955    8.72688   494%   121 3265s
 7157743 4118357    1.58424   82  165    1.46955    8.72598   494%   121 3270s
 7170469 4125799    6.67649   58  266    1.46955    8.72494   494%   121 3275s
 7182902 4133430    8.10334   57  243    1.46955    8.72388   494%   121 3280s
 7194578 4139978    1.80979   77  242    1.46955    8.72307   494%   121 3285s
 7204656 4146242    6.06076   67  224    1.46955    8.72216   494%   121 3290s
 7217314 4153245    6.40953   64  247    1.46955    8.72115   493%   121 3295s
 7224372 4157252    7.38798   61  224    1.46955    8.72039   493%   121 3301s
 7233509 4162844    6.69752   63  230    1.46955    8.71963   493%   121 3305s
 7245971 4170415    5.23779   72  224    1.46955    8.71864   493%   121 3310s
H7252444 4173161                       1.4696162    8.71828   493%   121 3312s
H7253218 4174254                       1.4696762    8.71822   493%   121 3314s
H7253442 4174218                       1.4697174    8.71822   493%   121 3314s
H7253602 4174216                       1.4697218    8.71822   493%   121 3314s
H7254135 4174203                       1.4697334    8.71822   493%   121 3314s
H7254309 4174177                       1.4697603    8.71819   493%   121 3315s
H7254953 4174175                       1.4697614    8.71814   493%   121 3315s
H7257506 4175784                       1.4697907    8.71807   493%   121 3316s
 7262805 4180125     cutoff   85         1.46979    8.71743   493%   121 3320s
H7267555 4181224                       1.4697984    8.71700   493%   121 3321s
H7270262 4182604                       1.4698354    8.71695   493%   121 3323s
 7273197 4185341    8.32682   62  268    1.46984    8.71654   493%   121 3325s
H7278861 4187718                       1.4698802    8.71607   493%   121 3327s
 7283940 4190499    7.77604   55  235    1.46988    8.71560   493%   121 3330s
 7296357 4196986 infeasible  107         1.46988    8.71470   493%   121 3335s
 7308858 4204373    1.77129   65  204    1.46988    8.71355   493%   121 3340s
 7320721 4211472    1.71881   84  275    1.46988    8.71256   493%   121 3345s
 7332630 4218178    3.90757   70  227    1.46988    8.71162   493%   121 3350s
 7344535 4224569    2.05675   86  231    1.46988    8.71051   493%   121 3355s
 7359321 4232101    8.57354   56  282    1.46988    8.70899   492%   121 3360s
 7368781 4237481     cutoff   91         1.46988    8.70849   492%   121 3365s
 7380996 4245636    8.36291   57  241    1.46988    8.70752   492%   121 3370s
 7392881 4252572    4.40215   66  243    1.46988    8.70659   492%   121 3375s
 7404848 4259146    1.82342   89  199    1.46988    8.70588   492%   121 3380s
 7417243 4266374    4.35925   70  258    1.46988    8.70488   492%   121 3386s
 7427255 4271936    2.52806   61  210    1.46988    8.70399   492%   121 3390s
 7439694 4278903    4.97586   70  235    1.46988    8.70321   492%   122 3395s
 7452150 4286592     cutoff   63         1.46988    8.70208   492%   122 3400s
 7464788 4293073     cutoff   74         1.46988    8.70100   492%   122 3405s
 7474341 4299202    1.94282   76  181    1.46988    8.70035   492%   122 3410s
 7483884 4303027    4.12711   69  221    1.46988    8.69954   492%   122 3415s
 7493206 4309431    6.86454   65  229    1.46988    8.69854   492%   122 3420s
 7505309 4316158 infeasible   80         1.46988    8.69752   492%   122 3425s
 7516781 4322650    7.60215   59  231    1.46988    8.69668   492%   122 3430s
 7528774 4330296     cutoff   73         1.46988    8.69603   492%   122 3436s
 7539142 4336049    2.10140   83  239    1.46988    8.69485   492%   122 3440s
 7551122 4342605    2.52743   59  239    1.46988    8.69361   491%   122 3445s
 7562152 4349277    1.48096   85  189    1.46988    8.69306   491%   122 3450s
 7574137 4355715    1.99774   73  261    1.46988    8.69209   491%   122 3455s
 7583193 4360626    1.52457   68  201    1.46988    8.69147   491%   122 3460s
 7595569 4368252    2.57678   77  261    1.46988    8.69060   491%   122 3465s
 7610280 4376657    1.52146  108  238    1.46988    8.68953   491%   122 3470s
 7621702 4383222    3.77037   59  188    1.46988    8.68869   491%   122 3475s
 7628752 4386741 infeasible   70         1.46988    8.68808   491%   122 3480s
 7640432 4394281     cutoff   86         1.46988    8.68743   491%   122 3486s
 7650563 4400319    7.32335   64  257    1.46988    8.68657   491%   122 3490s
 7663578 4408199    2.14024   76  207    1.46988    8.68569   491%   122 3495s
 7676415 4414513    1.83599   85  182    1.46988    8.68469   491%   122 3500s
 7688280 4421298    1.51224   92  218    1.46988    8.68378   491%   122 3505s
 7700406 4428139 infeasible   77         1.46988    8.68290   491%   122 3510s
 7711371 4435196 infeasible   74         1.46988    8.68234   491%   122 3515s
 7721821 4440712     cutoff   78         1.46988    8.68152   491%   122 3520s
 7736968 4448324    6.71961   59  212    1.46988    8.68015   491%   122 3525s
 7741464 4450350    6.93021   66  233    1.46988    8.68005   491%   122 3530s
 7753097 4457681    4.68236   73  276    1.46988    8.67916   490%   122 3535s
 7762036 4462765    1.85130   71  239    1.46988    8.67841   490%   122 3540s
 7774367 4470193 infeasible   72         1.46988    8.67748   490%   122 3545s
 7785875 4477259    5.11979   69  241    1.46988    8.67670   490%   122 3550s
 7797003 4483163 infeasible   77         1.46988    8.67567   490%   122 3555s
 7811821 4491223    7.74499   61  224    1.46988    8.67462   490%   122 3560s
 7822372 4498503    2.02957   72  209    1.46988    8.67393   490%   122 3565s
 7834203 4505561 infeasible   85         1.46988    8.67323   490%   122 3570s
 7846745 4512656    2.15832   73  191    1.46988    8.67224   490%   122 3575s
 7859764 4520043    6.75963   76  272    1.46988    8.67133   490%   122 3580s
 7869396 4526237    4.54237   80  276    1.46988    8.67045   490%   122 3585s
 7881308 4533169    2.64453   72  234    1.46988    8.66974   490%   122 3590s
 7893581 4540468    2.23231   81  247    1.46988    8.66877   490%   122 3595s
 7905140 4546965    2.84284   72  213    1.46988    8.66792   490%   122 3600s